Running Test262 suite from: test262
Found 100 test files
Progress: 1/100 tests (iterator-method-emulates-undefined.js)
DEBUG: Initializing Test262 builtins
DEBUG: Initializing assert builtins
DEBUG: Initializing Test262 builtins
DEBUG: Initializing assert builtins
[VM Runtime Error]: Test262Error: Property 'getYear' has value <native function getYear>, expected [object Object]

=== Frame Stack ===
  [0] <script> (ip=0, regs=128, regSlice=128)
===================

=== FULL CHUNK DISASSEMBLY (Current IP: -1) ===
== <script> ==
0000      OpGetGlobal      R1, GlobalIdx 37
0004      OpGetGlobal      R5, GlobalIdx 4
0008      OpGetProp        R2, R5, NameIdx 0 ("prototype")
0013      OpLoadConst      R3, 1 ('getYear')
0017      OpMakeEmptyObject R4
0019      OpLoadFalse      R5
0021      OpSetProp        R4, R5, NameIdx 2 ("enumerable")
0026      OpLoadTrue       R6
0028      OpSetProp        R4, R6, NameIdx 3 ("writable")
0033      OpLoadTrue       R7
0035      OpSetProp        R4, R7, NameIdx 4 ("configurable")
0040      OpCall           R0, R1, Args 3
0044      OpReturn         R0

=== CURRENT IP MARKER ===
Current IP: -1 (instruction that was about to execute)
Frame registers length: 128 (R0-R127)
==========================


=== Current Frame Registers ===
Frame registers (128 total):
  R0: null (type 0)
  R1: [Function: verifyProperty] (type 9)
  R2: {getTime: [Function: getTime], getFullYear: [Function: getFullYear], getMonth: [Function: getMonth], getDate: [Function: getDate], getDay: [Function: getDay], getHours: [Function: getHours], getMinutes: [Function: getMinutes], getSeconds: [Function: getSeconds], getMilliseconds: [Function: getMilliseconds], getUTCFullYear: [Function: getUTCFullYear], getUTCMonth: [Function: getUTCMonth], getUTCDate: [Function: getUTCDate], getUTCDay: [Function: getUTCDay], getUTCHours: [Function: getUTCHours], getUTCMinutes: [Function: getUTCMinutes], getUTCSeconds: [Function: getUTCSeconds], getUTCMilliseconds: [Function: getUTCMilliseconds], getTimezoneOffset: [Function: getTimezoneOffset], setTime: [Function: setTime], setDate: [Function: setDate], setMonth: [Function: setMonth], setFullYear: [Function: setFullYear], setHours: [Function: setHours], setMinutes: [Function: setMinutes], setSeconds: [Function: setSeconds], setMilliseconds: [Function: setMilliseconds], toString: [Function: toString], toISOString: [Function: toISOString], toDateString: [Function: toDateString], toTimeString: [Function: toTimeString], valueOf: [Function: valueOf], toLocaleString: [Function: toLocaleString], toLocaleDateString: [Function: toLocaleDateString], toLocaleTimeString: [Function: toLocaleTimeString], toJSON: [Function: toJSON], getYear: [Function: getYear], setYear: [Function: setYear], setUTCFullYear: [Function: setUTCFullYear], setUTCMonth: [Function: setUTCMonth], setUTCDate: [Function: setUTCDate], setUTCHours: [Function: setUTCHours], setUTCMinutes: [Function: setUTCMinutes], setUTCSeconds: [Function: setUTCSeconds], setUTCMilliseconds: [Function: setUTCMilliseconds], constructor: [Function: Date]} (type 14)
  R3: getYear (type 2)
  R4: {enumerable: false, writable: true, configurable: true} (type 14)
  R5: false (type 7)
  R6: true (type 7)
  R7: true (type 7)
  R8: null (type 0)
  R9: null (type 0)
  R10: null (type 0)
  R11: null (type 0)
  R12: null (type 0)
  R13: null (type 0)
  R14: null (type 0)
  R15: null (type 0)
  R16: null (type 0)
  R17: null (type 0)
  R18: null (type 0)
  R19: null (type 0)
  R20: null (type 0)
  R21: null (type 0)
  R22: null (type 0)
  R23: null (type 0)
  R24: null (type 0)
  R25: null (type 0)
  R26: null (type 0)
  R27: null (type 0)
  R28: null (type 0)
  R29: null (type 0)
  R30: null (type 0)
  R31: null (type 0)
  R32: null (type 0)
  R33: null (type 0)
  R34: null (type 0)
  R35: null (type 0)
  R36: null (type 0)
  R37: null (type 0)
  R38: null (type 0)
  R39: null (type 0)
  R40: null (type 0)
  R41: null (type 0)
  R42: null (type 0)
  R43: null (type 0)
  R44: null (type 0)
  R45: null (type 0)
  R46: null (type 0)
  R47: null (type 0)
  R48: null (type 0)
  R49: null (type 0)
  R50: null (type 0)
  R51: null (type 0)
  R52: null (type 0)
  R53: null (type 0)
  R54: null (type 0)
  R55: null (type 0)
  R56: null (type 0)
  R57: null (type 0)
  R58: null (type 0)
  R59: null (type 0)
  R60: null (type 0)
  R61: null (type 0)
  R62: null (type 0)
  R63: null (type 0)
  R64: null (type 0)
  R65: null (type 0)
  R66: null (type 0)
  R67: null (type 0)
  R68: null (type 0)
  R69: null (type 0)
  R70: null (type 0)
  R71: null (type 0)
  R72: null (type 0)
  R73: null (type 0)
  R74: null (type 0)
  R75: null (type 0)
  R76: null (type 0)
  R77: null (type 0)
  R78: null (type 0)
  R79: null (type 0)
  R80: null (type 0)
  R81: null (type 0)
  R82: null (type 0)
  R83: null (type 0)
  R84: null (type 0)
  R85: null (type 0)
  R86: null (type 0)
  R87: null (type 0)
  R88: null (type 0)
  R89: null (type 0)
  R90: null (type 0)
  R91: null (type 0)
  R92: null (type 0)
  R93: null (type 0)
  R94: null (type 0)
  R95: null (type 0)
  R96: null (type 0)
  R97: null (type 0)
  R98: null (type 0)
  R99: null (type 0)
  R100: null (type 0)
  R101: null (type 0)
  R102: null (type 0)
  R103: null (type 0)
  R104: null (type 0)
  R105: null (type 0)
  R106: null (type 0)
  R107: null (type 0)
  R108: null (type 0)
  R109: null (type 0)
  R110: null (type 0)
  R111: null (type 0)
  R112: null (type 0)
  R113: null (type 0)
  R114: null (type 0)
  R115: null (type 0)
  R116: null (type 0)
  R117: null (type 0)
  R118: null (type 0)
  R119: null (type 0)
  R120: null (type 0)
  R121: null (type 0)
  R122: null (type 0)
  R123: null (type 0)
  R124: null (type 0)
  R125: null (type 0)
  R126: null (type 0)
  R127: null (type 0)
===============================

DEBUG: Initializing Test262 builtins
DEBUG: Initializing assert builtins

[VM PANIC RECOVERED]: value is not an object
DEBUG: Initializing Test262 builtins
DEBUG: Initializing assert builtins

[VM PANIC RECOVERED]: value is not an object
DEBUG: Initializing Test262 builtins
DEBUG: Initializing assert builtins
[VM Runtime Error]: Test262Error: Values are not the same. Expected: NaN, Actual: 292205737

=== Frame Stack ===
  [0] <script> (ip=0, regs=128, regSlice=128)
===================

=== FULL CHUNK DISASSEMBLY (Current IP: -1) ===
== <script> ==
0000      OpGetGlobal      R2, GlobalIdx 4
0004      OpMakeEmptyObject R3
0006      OpNew            R1, R2, Args 1
0010      OpSetGlobal      GlobalIdx 38, R1
0014      OpGetGlobal      R1, GlobalIdx 28
0018      OpGetProp        R4, R1, NameIdx 0 ("sameValue")
0023      OpGetGlobal      R3, GlobalIdx 38
0027      OpGetProp        R2, R3, NameIdx 1 ("getYear")
0032      OpCallMethod     R5, R2, R3, Args 0
0037      OpGetGlobal      R6, GlobalIdx 14
0041      OpCallMethod     R0, R4, R1, Args 2
0046      OpReturn         R0

=== CURRENT IP MARKER ===
Current IP: -1 (instruction that was about to execute)
Frame registers length: 128 (R0-R127)
==========================


=== Current Frame Registers ===
Frame registers (128 total):
  R0: null (type 0)
  R1: [Function: assert] (type 10)
  R2: [Function: getYear] (type 9)
  R3: Sun Dec 06 292207637 10:58:10 GMT+0000 (WET) (type 14)
  R4: [Function: sameValue] (type 9)
  R5: 292205737 (type 4)
  R6: NaN (type 4)
  R7: null (type 0)
  R8: null (type 0)
  R9: null (type 0)
  R10: null (type 0)
  R11: null (type 0)
  R12: null (type 0)
  R13: null (type 0)
  R14: null (type 0)
  R15: null (type 0)
  R16: null (type 0)
  R17: null (type 0)
  R18: null (type 0)
  R19: null (type 0)
  R20: null (type 0)
  R21: null (type 0)
  R22: null (type 0)
  R23: null (type 0)
  R24: null (type 0)
  R25: null (type 0)
  R26: null (type 0)
  R27: null (type 0)
  R28: null (type 0)
  R29: null (type 0)
  R30: null (type 0)
  R31: null (type 0)
  R32: null (type 0)
  R33: null (type 0)
  R34: null (type 0)
  R35: null (type 0)
  R36: null (type 0)
  R37: null (type 0)
  R38: null (type 0)
  R39: null (type 0)
  R40: null (type 0)
  R41: null (type 0)
  R42: null (type 0)
  R43: null (type 0)
  R44: null (type 0)
  R45: null (type 0)
  R46: null (type 0)
  R47: null (type 0)
  R48: null (type 0)
  R49: null (type 0)
  R50: null (type 0)
  R51: null (type 0)
  R52: null (type 0)
  R53: null (type 0)
  R54: null (type 0)
  R55: null (type 0)
  R56: null (type 0)
  R57: null (type 0)
  R58: null (type 0)
  R59: null (type 0)
  R60: null (type 0)
  R61: null (type 0)
  R62: null (type 0)
  R63: null (type 0)
  R64: null (type 0)
  R65: null (type 0)
  R66: null (type 0)
  R67: null (type 0)
  R68: null (type 0)
  R69: null (type 0)
  R70: null (type 0)
  R71: null (type 0)
  R72: null (type 0)
  R73: null (type 0)
  R74: null (type 0)
  R75: null (type 0)
  R76: null (type 0)
  R77: null (type 0)
  R78: null (type 0)
  R79: null (type 0)
  R80: null (type 0)
  R81: null (type 0)
  R82: null (type 0)
  R83: null (type 0)
  R84: null (type 0)
  R85: null (type 0)
  R86: null (type 0)
  R87: null (type 0)
  R88: null (type 0)
  R89: null (type 0)
  R90: null (type 0)
  R91: null (type 0)
  R92: null (type 0)
  R93: null (type 0)
  R94: null (type 0)
  R95: null (type 0)
  R96: null (type 0)
  R97: null (type 0)
  R98: null (type 0)
  R99: null (type 0)
  R100: null (type 0)
  R101: null (type 0)
  R102: null (type 0)
  R103: null (type 0)
  R104: null (type 0)
  R105: null (type 0)
  R106: null (type 0)
  R107: null (type 0)
  R108: null (type 0)
  R109: null (type 0)
  R110: null (type 0)
  R111: null (type 0)
  R112: null (type 0)
  R113: null (type 0)
  R114: null (type 0)
  R115: null (type 0)
  R116: null (type 0)
  R117: null (type 0)
  R118: null (type 0)
  R119: null (type 0)
  R120: null (type 0)
  R121: null (type 0)
  R122: null (type 0)
  R123: null (type 0)
  R124: null (type 0)
  R125: null (type 0)
  R126: null (type 0)
  R127: null (type 0)
===============================

DEBUG: Initializing Test262 builtins
DEBUG: Initializing assert builtins

[VM PANIC RECOVERED]: value is not an object
[VM Runtime Error]: Test262Error: Expected function to throw, but it didn't

=== Frame Stack ===
  [1] <arrow> (ip=0, regs=7, regSlice=7)
  [0] <script> (ip=0, regs=128, regSlice=128)
===================

=== FULL CHUNK DISASSEMBLY (Current IP: -1) ===
== <arrow> ==
0000      OpGetGlobal      R3, GlobalIdx 4
0004      OpGetGlobal      R5, GlobalIdx 4
0008      OpGetProp        R6, R5, NameIdx 0 ("now")
0013      OpCallMethod     R4, R6, R5, Args 0
0018      OpNew            R2, R3, Args 1
0022      OpMove           R3, R2
0025      OpGetProp        R4, R3, NameIdx 1 ("getYear")
0030      OpNew            R1, R4, Args 0
0034      OpReturnUndefined

=== CURRENT IP MARKER ===
Current IP: -1 (instruction that was about to execute)
Frame registers length: 7 (R0-R6)
==========================


=== Current Frame Registers ===
Frame registers (7 total):
  R0: null (type 0)
  R1: null (type 0)
  R2: Wed Jul 30 2025 04:17:25 GMT+0100 (WEST) (type 14)
  R3: Wed Jul 30 2025 04:17:25 GMT+0100 (WEST) (type 14)
  R4: [Function: getYear] (type 9)
  R5: [Function: Date] (type 10)
  R6: [Function: now] (type 9)
===============================

DEBUG: Initializing Test262 builtins
DEBUG: Initializing assert builtins
DEBUG: Initializing Test262 builtins
DEBUG: Initializing assert builtins
DEBUG: Initializing Test262 builtins
DEBUG: Initializing assert builtins
[VM Runtime Error]: Test262Error: Property 'setYear' has value <native function setYear>, expected [object Object]

=== Frame Stack ===
  [0] <script> (ip=0, regs=128, regSlice=128)
===================

=== FULL CHUNK DISASSEMBLY (Current IP: -1) ===
== <script> ==
0000      OpGetGlobal      R1, GlobalIdx 37
0004      OpGetGlobal      R5, GlobalIdx 4
0008      OpGetProp        R2, R5, NameIdx 0 ("prototype")
0013      OpLoadConst      R3, 1 ('setYear')
0017      OpMakeEmptyObject R4
0019      OpLoadFalse      R5
0021      OpSetProp        R4, R5, NameIdx 2 ("enumerable")
0026      OpLoadTrue       R6
0028      OpSetProp        R4, R6, NameIdx 3 ("writable")
0033      OpLoadTrue       R7
0035      OpSetProp        R4, R7, NameIdx 4 ("configurable")
0040      OpCall           R0, R1, Args 3
0044      OpReturn         R0

=== CURRENT IP MARKER ===
Current IP: -1 (instruction that was about to execute)
Frame registers length: 128 (R0-R127)
==========================


=== Current Frame Registers ===
Frame registers (128 total):
  R0: null (type 0)
  R1: [Function: verifyProperty] (type 9)
  R2: {getTime: [Function: getTime], getFullYear: [Function: getFullYear], getMonth: [Function: getMonth], getDate: [Function: getDate], getDay: [Function: getDay], getHours: [Function: getHours], getMinutes: [Function: getMinutes], getSeconds: [Function: getSeconds], getMilliseconds: [Function: getMilliseconds], getUTCFullYear: [Function: getUTCFullYear], getUTCMonth: [Function: getUTCMonth], getUTCDate: [Function: getUTCDate], getUTCDay: [Function: getUTCDay], getUTCHours: [Function: getUTCHours], getUTCMinutes: [Function: getUTCMinutes], getUTCSeconds: [Function: getUTCSeconds], getUTCMilliseconds: [Function: getUTCMilliseconds], getTimezoneOffset: [Function: getTimezoneOffset], setTime: [Function: setTime], setDate: [Function: setDate], setMonth: [Function: setMonth], setFullYear: [Function: setFullYear], setHours: [Function: setHours], setMinutes: [Function: setMinutes], setSeconds: [Function: setSeconds], setMilliseconds: [Function: setMilliseconds], toString: [Function: toString], toISOString: [Function: toISOString], toDateString: [Function: toDateString], toTimeString: [Function: toTimeString], valueOf: [Function: valueOf], toLocaleString: [Function: toLocaleString], toLocaleDateString: [Function: toLocaleDateString], toLocaleTimeString: [Function: toLocaleTimeString], toJSON: [Function: toJSON], getYear: [Function: getYear], setYear: [Function: setYear], setUTCFullYear: [Function: setUTCFullYear], setUTCMonth: [Function: setUTCMonth], setUTCDate: [Function: setUTCDate], setUTCHours: [Function: setUTCHours], setUTCMinutes: [Function: setUTCMinutes], setUTCSeconds: [Function: setUTCSeconds], setUTCMilliseconds: [Function: setUTCMilliseconds], constructor: [Function: Date]} (type 14)
  R3: setYear (type 2)
  R4: {enumerable: false, writable: true, configurable: true} (type 14)
  R5: false (type 7)
  R6: true (type 7)
  R7: true (type 7)
  R8: null (type 0)
  R9: null (type 0)
  R10: null (type 0)
  R11: null (type 0)
  R12: null (type 0)
  R13: null (type 0)
  R14: null (type 0)
  R15: null (type 0)
  R16: null (type 0)
  R17: null (type 0)
  R18: null (type 0)
  R19: null (type 0)
  R20: null (type 0)
  R21: null (type 0)
  R22: null (type 0)
  R23: null (type 0)
  R24: null (type 0)
  R25: null (type 0)
  R26: null (type 0)
  R27: null (type 0)
  R28: null (type 0)
  R29: null (type 0)
  R30: null (type 0)
  R31: null (type 0)
  R32: null (type 0)
  R33: null (type 0)
  R34: null (type 0)
  R35: null (type 0)
  R36: null (type 0)
  R37: null (type 0)
  R38: null (type 0)
  R39: null (type 0)
  R40: null (type 0)
  R41: null (type 0)
  R42: null (type 0)
  R43: null (type 0)
  R44: null (type 0)
  R45: null (type 0)
  R46: null (type 0)
  R47: null (type 0)
  R48: null (type 0)
  R49: null (type 0)
  R50: null (type 0)
  R51: null (type 0)
  R52: null (type 0)
  R53: null (type 0)
  R54: null (type 0)
  R55: null (type 0)
  R56: null (type 0)
  R57: null (type 0)
  R58: null (type 0)
  R59: null (type 0)
  R60: null (type 0)
  R61: null (type 0)
  R62: null (type 0)
  R63: null (type 0)
  R64: null (type 0)
  R65: null (type 0)
  R66: null (type 0)
  R67: null (type 0)
  R68: null (type 0)
  R69: null (type 0)
  R70: null (type 0)
  R71: null (type 0)
  R72: null (type 0)
  R73: null (type 0)
  R74: null (type 0)
  R75: null (type 0)
  R76: null (type 0)
  R77: null (type 0)
  R78: null (type 0)
  R79: null (type 0)
  R80: null (type 0)
  R81: null (type 0)
  R82: null (type 0)
  R83: null (type 0)
  R84: null (type 0)
  R85: null (type 0)
  R86: null (type 0)
  R87: null (type 0)
  R88: null (type 0)
  R89: null (type 0)
  R90: null (type 0)
  R91: null (type 0)
  R92: null (type 0)
  R93: null (type 0)
  R94: null (type 0)
  R95: null (type 0)
  R96: null (type 0)
  R97: null (type 0)
  R98: null (type 0)
  R99: null (type 0)
  R100: null (type 0)
  R101: null (type 0)
  R102: null (type 0)
  R103: null (type 0)
  R104: null (type 0)
  R105: null (type 0)
  R106: null (type 0)
  R107: null (type 0)
  R108: null (type 0)
  R109: null (type 0)
  R110: null (type 0)
  R111: null (type 0)
  R112: null (type 0)
  R113: null (type 0)
  R114: null (type 0)
  R115: null (type 0)
  R116: null (type 0)
  R117: null (type 0)
  R118: null (type 0)
  R119: null (type 0)
  R120: null (type 0)
  R121: null (type 0)
  R122: null (type 0)
  R123: null (type 0)
  R124: null (type 0)
  R125: null (type 0)
  R126: null (type 0)
  R127: null (type 0)
===============================

DEBUG: Initializing Test262 builtins
DEBUG: Initializing assert builtins
[VM Runtime Error]: Test262Error: valueOf called exactly once. Expected: 1, Actual: 0

=== Frame Stack ===
  [0] <script> (ip=0, regs=128, regSlice=128)
===================

=== FULL CHUNK DISASSEMBLY (Current IP: -1) ===
== <script> ==
0000      OpGetGlobal      R2, GlobalIdx 4
0004      OpGetGlobal      R3, GlobalIdx 14
0008      OpNew            R1, R2, Args 1
0012      OpSetGlobal      GlobalIdx 38, R1
0016      OpLoadConst      R1, 0 ('0')
0020      OpSetGlobal      GlobalIdx 39, R1
0024      OpMakeEmptyObject R1
0026      OpLoadConst      R3, 2 ('<function valueOf>')
0030      OpSetProp        R1, R3, NameIdx 1 ("valueOf")
0035      OpSetGlobal      GlobalIdx 40, R1
0039      OpGetGlobal      R3, GlobalIdx 38
0043      OpGetProp        R4, R3, NameIdx 3 ("setYear")
0048      OpGetGlobal      R5, GlobalIdx 40
0052      OpCallMethod     R1, R4, R3, Args 1
0057      OpSetGlobal      GlobalIdx 41, R1
0061      OpGetGlobal      R1, GlobalIdx 28
0065      OpGetProp        R2, R1, NameIdx 4 ("sameValue")
0070      OpGetGlobal      R3, GlobalIdx 39
0074      OpLoadConst      R4, 5 ('1')
0078      OpLoadConst      R5, 6 ('valueOf called exactly once')
0082      OpCallMethod     R0, R2, R1, Args 3
0087      OpGetGlobal      R5, GlobalIdx 28
0091      OpGetProp        R1, R5, NameIdx 7 ("notSameValue")
0096      OpGetGlobal      R2, GlobalIdx 41
0100      OpGetGlobal      R3, GlobalIdx 14
0104      OpLoadConst      R4, 8 ('result is not NaN')
0108      OpCallMethod     R0, R1, R5, Args 3
0113      OpGetGlobal      R4, GlobalIdx 28
0117      OpGetProp        R6, R4, NameIdx 4 ("sameValue")
0122      OpGetGlobal      R7, GlobalIdx 41
0126      OpGetGlobal      R3, GlobalIdx 38
0130      OpGetProp        R2, R3, NameIdx 9 ("getTime")
0135      OpCallMethod     R8, R2, R3, Args 0
0140      OpLoadConst      R9, 10 ('result is equal to getTime')
0144      OpCallMethod     R0, R6, R4, Args 3
0149      OpGetGlobal      R9, GlobalIdx 28
0153      OpGetProp        R1, R9, NameIdx 4 ("sameValue")
0158      OpGetGlobal      R8, GlobalIdx 38
0162      OpGetProp        R7, R8, NameIdx 11 ("getYear")
0167      OpCallMethod     R2, R7, R8, Args 0
0172      OpLoadConst      R3, 5 ('1')
0176      OpLoadConst      R4, 12 ('date value correctly updated')
0180      OpCallMethod     R0, R1, R9, Args 3
0185      OpReturn         R0

=== CURRENT IP MARKER ===
Current IP: -1 (instruction that was about to execute)
Frame registers length: 128 (R0-R127)
==========================


=== Current Frame Registers ===
Frame registers (128 total):
  R0: null (type 0)
  R1: [Function: assert] (type 10)
  R2: [Function: sameValue] (type 9)
  R3: 0 (type 4)
  R4: 1 (type 4)
  R5: valueOf called exactly once (type 2)
  R6: null (type 0)
  R7: null (type 0)
  R8: null (type 0)
  R9: null (type 0)
  R10: null (type 0)
  R11: null (type 0)
  R12: null (type 0)
  R13: null (type 0)
  R14: null (type 0)
  R15: null (type 0)
  R16: null (type 0)
  R17: null (type 0)
  R18: null (type 0)
  R19: null (type 0)
  R20: null (type 0)
  R21: null (type 0)
  R22: null (type 0)
  R23: null (type 0)
  R24: null (type 0)
  R25: null (type 0)
  R26: null (type 0)
  R27: null (type 0)
  R28: null (type 0)
  R29: null (type 0)
  R30: null (type 0)
  R31: null (type 0)
  R32: null (type 0)
  R33: null (type 0)
  R34: null (type 0)
  R35: null (type 0)
  R36: null (type 0)
  R37: null (type 0)
  R38: null (type 0)
  R39: null (type 0)
  R40: null (type 0)
  R41: null (type 0)
  R42: null (type 0)
  R43: null (type 0)
  R44: null (type 0)
  R45: null (type 0)
  R46: null (type 0)
  R47: null (type 0)
  R48: null (type 0)
  R49: null (type 0)
  R50: null (type 0)
  R51: null (type 0)
  R52: null (type 0)
  R53: null (type 0)
  R54: null (type 0)
  R55: null (type 0)
  R56: null (type 0)
  R57: null (type 0)
  R58: null (type 0)
  R59: null (type 0)
  R60: null (type 0)
  R61: null (type 0)
  R62: null (type 0)
  R63: null (type 0)
  R64: null (type 0)
  R65: null (type 0)
  R66: null (type 0)
  R67: null (type 0)
  R68: null (type 0)
  R69: null (type 0)
  R70: null (type 0)
  R71: null (type 0)
  R72: null (type 0)
  R73: null (type 0)
  R74: null (type 0)
  R75: null (type 0)
  R76: null (type 0)
  R77: null (type 0)
  R78: null (type 0)
  R79: null (type 0)
  R80: null (type 0)
  R81: null (type 0)
  R82: null (type 0)
  R83: null (type 0)
  R84: null (type 0)
  R85: null (type 0)
  R86: null (type 0)
  R87: null (type 0)
  R88: null (type 0)
  R89: null (type 0)
  R90: null (type 0)
  R91: null (type 0)
  R92: null (type 0)
  R93: null (type 0)
  R94: null (type 0)
  R95: null (type 0)
  R96: null (type 0)
  R97: null (type 0)
  R98: null (type 0)
  R99: null (type 0)
  R100: null (type 0)
  R101: null (type 0)
  R102: null (type 0)
  R103: null (type 0)
  R104: null (type 0)
  R105: null (type 0)
  R106: null (type 0)
  R107: null (type 0)
  R108: null (type 0)
  R109: null (type 0)
  R110: null (type 0)
  R111: null (type 0)
  R112: null (type 0)
  R113: null (type 0)
  R114: null (type 0)
  R115: null (type 0)
  R116: null (type 0)
  R117: null (type 0)
  R118: null (type 0)
  R119: null (type 0)
  R120: null (type 0)
  R121: null (type 0)
  R122: null (type 0)
  R123: null (type 0)
  R124: null (type 0)
  R125: null (type 0)
  R126: null (type 0)
  R127: null (type 0)
===============================

DEBUG: Initializing Test262 builtins
DEBUG: Initializing assert builtins
[VM Runtime Error]: Test262Error: valueOf called exactly once. Expected: 1, Actual: 0

=== Frame Stack ===
  [0] <script> (ip=0, regs=128, regSlice=128)
===================

=== FULL CHUNK DISASSEMBLY (Current IP: -1) ===
== <script> ==
0000      OpGetGlobal      R2, GlobalIdx 4
0004      OpLoadConst      R3, 0 ('0')
0008      OpNew            R1, R2, Args 1
0012      OpSetGlobal      GlobalIdx 38, R1
0016      OpLoadConst      R1, 0 ('0')
0020      OpSetGlobal      GlobalIdx 39, R1
0024      OpMakeEmptyObject R1
0026      OpLoadConst      R3, 2 ('<function valueOf>')
0030      OpSetProp        R1, R3, NameIdx 1 ("valueOf")
0035      OpSetGlobal      GlobalIdx 40, R1
0039      OpGetGlobal      R3, GlobalIdx 38
0043      OpGetProp        R4, R3, NameIdx 3 ("setYear")
0048      OpGetGlobal      R5, GlobalIdx 40
0052      OpCallMethod     R1, R4, R3, Args 1
0057      OpSetGlobal      GlobalIdx 41, R1
0061      OpGetGlobal      R1, GlobalIdx 28
0065      OpGetProp        R2, R1, NameIdx 4 ("sameValue")
0070      OpGetGlobal      R3, GlobalIdx 39
0074      OpLoadConst      R4, 5 ('1')
0078      OpLoadConst      R5, 6 ('valueOf called exactly once')
0082      OpCallMethod     R0, R2, R1, Args 3
0087      OpGetGlobal      R5, GlobalIdx 28
0091      OpGetProp        R1, R5, NameIdx 7 ("notSameValue")
0096      OpGetGlobal      R2, GlobalIdx 41
0100      OpGetGlobal      R3, GlobalIdx 14
0104      OpLoadConst      R4, 8 ('result is not NaN')
0108      OpCallMethod     R0, R1, R5, Args 3
0113      OpGetGlobal      R4, GlobalIdx 28
0117      OpGetProp        R6, R4, NameIdx 4 ("sameValue")
0122      OpGetGlobal      R7, GlobalIdx 41
0126      OpGetGlobal      R3, GlobalIdx 38
0130      OpGetProp        R2, R3, NameIdx 9 ("getTime")
0135      OpCallMethod     R8, R2, R3, Args 0
0140      OpLoadConst      R9, 10 ('result is equal to getTime')
0144      OpCallMethod     R0, R6, R4, Args 3
0149      OpGetGlobal      R9, GlobalIdx 28
0153      OpGetProp        R1, R9, NameIdx 4 ("sameValue")
0158      OpGetGlobal      R8, GlobalIdx 38
0162      OpGetProp        R7, R8, NameIdx 11 ("getYear")
0167      OpCallMethod     R2, R7, R8, Args 0
0172      OpLoadConst      R3, 5 ('1')
0176      OpLoadConst      R4, 12 ('date value correctly updated')
0180      OpCallMethod     R0, R1, R9, Args 3
0185      OpReturn         R0

=== CURRENT IP MARKER ===
Current IP: -1 (instruction that was about to execute)
Frame registers length: 128 (R0-R127)
==========================


=== Current Frame Registers ===
Frame registers (128 total):
  R0: null (type 0)
  R1: [Function: assert] (type 10)
  R2: [Function: sameValue] (type 9)
  R3: 0 (type 4)
  R4: 1 (type 4)
  R5: valueOf called exactly once (type 2)
  R6: null (type 0)
  R7: null (type 0)
  R8: null (type 0)
  R9: null (type 0)
  R10: null (type 0)
  R11: null (type 0)
  R12: null (type 0)
  R13: null (type 0)
  R14: null (type 0)
  R15: null (type 0)
  R16: null (type 0)
  R17: null (type 0)
  R18: null (type 0)
  R19: null (type 0)
  R20: null (type 0)
  R21: null (type 0)
  R22: null (type 0)
  R23: null (type 0)
  R24: null (type 0)
  R25: null (type 0)
  R26: null (type 0)
  R27: null (type 0)
  R28: null (type 0)
  R29: null (type 0)
  R30: null (type 0)
  R31: null (type 0)
  R32: null (type 0)
  R33: null (type 0)
  R34: null (type 0)
  R35: null (type 0)
  R36: null (type 0)
  R37: null (type 0)
  R38: null (type 0)
  R39: null (type 0)
  R40: null (type 0)
  R41: null (type 0)
  R42: null (type 0)
  R43: null (type 0)
  R44: null (type 0)
  R45: null (type 0)
  R46: null (type 0)
  R47: null (type 0)
  R48: null (type 0)
  R49: null (type 0)
  R50: null (type 0)
  R51: null (type 0)
  R52: null (type 0)
  R53: null (type 0)
  R54: null (type 0)
  R55: null (type 0)
  R56: null (type 0)
  R57: null (type 0)
  R58: null (type 0)
  R59: null (type 0)
  R60: null (type 0)
  R61: null (type 0)
  R62: null (type 0)
  R63: null (type 0)
  R64: null (type 0)
  R65: null (type 0)
  R66: null (type 0)
  R67: null (type 0)
  R68: null (type 0)
  R69: null (type 0)
  R70: null (type 0)
  R71: null (type 0)
  R72: null (type 0)
  R73: null (type 0)
  R74: null (type 0)
  R75: null (type 0)
  R76: null (type 0)
  R77: null (type 0)
  R78: null (type 0)
  R79: null (type 0)
  R80: null (type 0)
  R81: null (type 0)
  R82: null (type 0)
  R83: null (type 0)
  R84: null (type 0)
  R85: null (type 0)
  R86: null (type 0)
  R87: null (type 0)
  R88: null (type 0)
  R89: null (type 0)
  R90: null (type 0)
  R91: null (type 0)
  R92: null (type 0)
  R93: null (type 0)
  R94: null (type 0)
  R95: null (type 0)
  R96: null (type 0)
  R97: null (type 0)
  R98: null (type 0)
  R99: null (type 0)
  R100: null (type 0)
  R101: null (type 0)
  R102: null (type 0)
  R103: null (type 0)
  R104: null (type 0)
  R105: null (type 0)
  R106: null (type 0)
  R107: null (type 0)
  R108: null (type 0)
  R109: null (type 0)
  R110: null (type 0)
  R111: null (type 0)
  R112: null (type 0)
  R113: null (type 0)
  R114: null (type 0)
  R115: null (type 0)
  R116: null (type 0)
  R117: null (type 0)
  R118: null (type 0)
  R119: null (type 0)
  R120: null (type 0)
  R121: null (type 0)
  R122: null (type 0)
  R123: null (type 0)
  R124: null (type 0)
  R125: null (type 0)
  R126: null (type 0)
  R127: null (type 0)
===============================

DEBUG: Initializing Test262 builtins
DEBUG: Initializing assert builtins

[VM PANIC RECOVERED]: value is not an object
DEBUG: Initializing Test262 builtins
DEBUG: Initializing assert builtins

[VM PANIC RECOVERED]: value is not an object
DEBUG: Initializing Test262 builtins
DEBUG: Initializing assert builtins
[VM Runtime Error]: Built-in constructor 'setYear' expected 1 arguments but got 0.

=== Frame Stack ===
  [1] <arrow> (ip=34, regs=7, regSlice=7)
  [0] <script> (ip=0, regs=128, regSlice=128)
===================

=== FULL CHUNK DISASSEMBLY (Current IP: 33) ===
== <arrow> ==
0000      OpGetGlobal      R3, GlobalIdx 4
0004      OpGetGlobal      R5, GlobalIdx 4
0008      OpGetProp        R6, R5, NameIdx 0 ("now")
0013      OpCallMethod     R4, R6, R5, Args 0
0018      OpNew            R2, R3, Args 1
0022      OpMove           R3, R2
0025      OpGetProp        R4, R3, NameIdx 1 ("setYear")
0030      OpNew            R1, R4, Args 0
0034      OpReturnUndefined

=== CURRENT IP MARKER ===
Current IP: 33 (instruction that was about to execute)
Frame registers length: 7 (R0-R6)
==========================


=== Current Frame Registers ===
Frame registers (7 total):
  R0: null (type 0)
  R1: null (type 0)
  R2: Wed Jul 30 2025 04:17:25 GMT+0100 (WEST) (type 14)
  R3: Wed Jul 30 2025 04:17:25 GMT+0100 (WEST) (type 14)
  R4: [Function: setYear] (type 9)
  R5: [Function: Date] (type 10)
  R6: [Function: now] (type 9)
===============================

DEBUG: Initializing Test262 builtins
DEBUG: Initializing assert builtins
DEBUG: Initializing Test262 builtins
DEBUG: Initializing assert builtins
[VM Runtime Error]: Test262Error: method return value. Expected: 31532400000, Actual: 60861490560

=== Frame Stack ===
  [0] <script> (ip=0, regs=128, regSlice=128)
===================

=== FULL CHUNK DISASSEMBLY (Current IP: -1) ===
== <script> ==
0000      OpGetGlobal      R2, GlobalIdx 4
0004      OpMakeEmptyObject R3
0006      OpNew            R1, R2, Args 1
0010      OpSetGlobal      GlobalIdx 38, R1
0014      OpGetGlobal      R4, GlobalIdx 4
0018      OpLoadConst      R5, 0 ('1971')
0022      OpLoadConst      R6, 1 ('0')
0026      OpNew            R3, R4, Args 2
0030      OpGetProp        R6, R3, NameIdx 2 ("valueOf")
0035      OpCallMethod     R1, R6, R3, Args 0
0040      OpSetGlobal      GlobalIdx 39, R1
0044      OpGetGlobal      R1, GlobalIdx 28
0048      OpGetProp        R2, R1, NameIdx 3 ("sameValue")
0053      OpGetGlobal      R6, GlobalIdx 38
0057      OpGetProp        R7, R6, NameIdx 4 ("setYear")
0062      OpLoadConst      R8, 5 ('71')
0066      OpCallMethod     R3, R7, R6, Args 1
0071      OpGetGlobal      R4, GlobalIdx 39
0075      OpLoadConst      R5, 6 ('method return value')
0079      OpCallMethod     R0, R2, R1, Args 3
0084      OpGetGlobal      R5, GlobalIdx 28
0088      OpGetProp        R1, R5, NameIdx 3 ("sameValue")
0093      OpGetGlobal      R8, GlobalIdx 38
0097      OpGetProp        R7, R8, NameIdx 2 ("valueOf")
0102      OpCallMethod     R2, R7, R8, Args 0
0107      OpGetGlobal      R3, GlobalIdx 39
0111      OpLoadConst      R4, 7 ('[[DateValue]] internal slot')
0115      OpCallMethod     R0, R1, R5, Args 3
0120      OpReturn         R0

=== CURRENT IP MARKER ===
Current IP: -1 (instruction that was about to execute)
Frame registers length: 128 (R0-R127)
==========================


=== Current Frame Registers ===
Frame registers (128 total):
  R0: null (type 0)
  R1: [Function: assert] (type 10)
  R2: [Function: sameValue] (type 9)
  R3: 60861490560 (type 4)
  R4: 31532400000 (type 4)
  R5: method return value (type 2)
  R6: Mon Dec 06 1971 10:58:10 GMT+0100 (CET) (type 14)
  R7: [Function: setYear] (type 9)
  R8: 71 (type 4)
  R9: null (type 0)
  R10: null (type 0)
  R11: null (type 0)
  R12: null (type 0)
  R13: null (type 0)
  R14: null (type 0)
  R15: null (type 0)
  R16: null (type 0)
  R17: null (type 0)
  R18: null (type 0)
  R19: null (type 0)
  R20: null (type 0)
  R21: null (type 0)
  R22: null (type 0)
  R23: null (type 0)
  R24: null (type 0)
  R25: null (type 0)
  R26: null (type 0)
  R27: null (type 0)
  R28: null (type 0)
  R29: null (type 0)
  R30: null (type 0)
  R31: null (type 0)
  R32: null (type 0)
  R33: null (type 0)
  R34: null (type 0)
  R35: null (type 0)
  R36: null (type 0)
  R37: null (type 0)
  R38: null (type 0)
  R39: null (type 0)
  R40: null (type 0)
  R41: null (type 0)
  R42: null (type 0)
  R43: null (type 0)
  R44: null (type 0)
  R45: null (type 0)
  R46: null (type 0)
  R47: null (type 0)
  R48: null (type 0)
  R49: null (type 0)
  R50: null (type 0)
  R51: null (type 0)
  R52: null (type 0)
  R53: null (type 0)
  R54: null (type 0)
  R55: null (type 0)
  R56: null (type 0)
  R57: null (type 0)
  R58: null (type 0)
  R59: null (type 0)
  R60: null (type 0)
  R61: null (type 0)
  R62: null (type 0)
  R63: null (type 0)
  R64: null (type 0)
  R65: null (type 0)
  R66: null (type 0)
  R67: null (type 0)
  R68: null (type 0)
  R69: null (type 0)
  R70: null (type 0)
  R71: null (type 0)
  R72: null (type 0)
  R73: null (type 0)
  R74: null (type 0)
  R75: null (type 0)
  R76: null (type 0)
  R77: null (type 0)
  R78: null (type 0)
  R79: null (type 0)
  R80: null (type 0)
  R81: null (type 0)
  R82: null (type 0)
  R83: null (type 0)
  R84: null (type 0)
  R85: null (type 0)
  R86: null (type 0)
  R87: null (type 0)
  R88: null (type 0)
  R89: null (type 0)
  R90: null (type 0)
  R91: null (type 0)
  R92: null (type 0)
  R93: null (type 0)
  R94: null (type 0)
  R95: null (type 0)
  R96: null (type 0)
  R97: null (type 0)
  R98: null (type 0)
  R99: null (type 0)
  R100: null (type 0)
  R101: null (type 0)
  R102: null (type 0)
  R103: null (type 0)
  R104: null (type 0)
  R105: null (type 0)
  R106: null (type 0)
  R107: null (type 0)
  R108: null (type 0)
  R109: null (type 0)
  R110: null (type 0)
  R111: null (type 0)
  R112: null (type 0)
  R113: null (type 0)
  R114: null (type 0)
  R115: null (type 0)
  R116: null (type 0)
  R117: null (type 0)
  R118: null (type 0)
  R119: null (type 0)
  R120: null (type 0)
  R121: null (type 0)
  R122: null (type 0)
  R123: null (type 0)
  R124: null (type 0)
  R125: null (type 0)
  R126: null (type 0)
  R127: null (type 0)
===============================

DEBUG: Initializing Test262 builtins
DEBUG: Initializing assert builtins
DEBUG: Initializing Test262 builtins
DEBUG: Initializing assert builtins
[VM Runtime Error]: Test262Error: method return value (invalid date). Expected: NaN, Actual: 8640000082800000

=== Frame Stack ===
  [0] <script> (ip=0, regs=128, regSlice=128)
===================

=== FULL CHUNK DISASSEMBLY (Current IP: -1) ===
== <script> ==
0000      OpLoadUndefined  R1
0002      OpSetGlobal      GlobalIdx 38, R1
0006      OpGetGlobal      R2, GlobalIdx 4
0010      OpLoadConst      R3, 0 ('1970')
0014      OpLoadConst      R4, 1 ('8')
0018      OpLoadConst      R5, 2 ('10')
0022      OpLoadConst      R6, 3 ('0')
0026      OpLoadConst      R7, 3 ('0')
0030      OpLoadConst      R8, 3 ('0')
0034      OpLoadConst      R9, 3 ('0')
0038      OpNew            R1, R2, Args 7
0042      OpMove           R0, R1
0045      OpSetGlobal      GlobalIdx 38, R0
0049      OpGetGlobal      R1, GlobalIdx 28
0053      OpGetProp        R2, R1, NameIdx 4 ("notSameValue")
0058      OpGetGlobal      R9, GlobalIdx 38
0062      OpGetProp        R6, R9, NameIdx 5 ("setYear")
0067      OpLoadConst      R7, 6 ('275760')
0071      OpCallMethod     R3, R6, R9, Args 1
0076      OpGetGlobal      R4, GlobalIdx 14
0080      OpLoadConst      R5, 7 ('method return value (valid date)')
0084      OpCallMethod     R0, R2, R1, Args 3
0089      OpGetGlobal      R5, GlobalIdx 28
0093      OpGetProp        R1, R5, NameIdx 4 ("notSameValue")
0098      OpGetGlobal      R7, GlobalIdx 38
0102      OpGetProp        R6, R7, NameIdx 8 ("valueOf")
0107      OpCallMethod     R2, R6, R7, Args 0
0112      OpGetGlobal      R3, GlobalIdx 14
0116      OpLoadConst      R4, 9 ('[[DateValue]] internal slot (valid date)')
0120      OpCallMethod     R0, R1, R5, Args 3
0125      OpGetGlobal      R10, GlobalIdx 4
0129      OpLoadConst      R11, 0 ('1970')
0133      OpLoadConst      R12, 1 ('8')
0137      OpLoadConst      R13, 10 ('14')
0141      OpLoadConst      R14, 3 ('0')
0145      OpLoadConst      R15, 3 ('0')
0149      OpLoadConst      R16, 3 ('0')
0153      OpLoadConst      R17, 3 ('0')
0157      OpNew            R4, R10, Args 7
0161      OpMove           R0, R4
0164      OpSetGlobal      GlobalIdx 38, R0
0168      OpGetGlobal      R4, GlobalIdx 28
0172      OpGetProp        R5, R4, NameIdx 11 ("sameValue")
0177      OpGetGlobal      R17, GlobalIdx 38
0181      OpGetProp        R1, R17, NameIdx 5 ("setYear")
0186      OpLoadConst      R2, 6 ('275760')
0190      OpCallMethod     R6, R1, R17, Args 1
0195      OpGetGlobal      R7, GlobalIdx 14
0199      OpLoadConst      R8, 12 ('method return value (invalid date)')
0203      OpCallMethod     R0, R5, R4, Args 3
0208      OpGetGlobal      R8, GlobalIdx 28
0212      OpGetProp        R1, R8, NameIdx 11 ("sameValue")
0217      OpGetGlobal      R7, GlobalIdx 38
0221      OpGetProp        R6, R7, NameIdx 8 ("valueOf")
0226      OpCallMethod     R2, R6, R7, Args 0
0231      OpGetGlobal      R3, GlobalIdx 14
0235      OpLoadConst      R4, 13 ('[[DateValue]] internal slot (invalid date)')
0239      OpCallMethod     R0, R1, R8, Args 3
0244      OpReturn         R0

=== CURRENT IP MARKER ===
Current IP: -1 (instruction that was about to execute)
Frame registers length: 128 (R0-R127)
==========================


=== Current Frame Registers ===
Frame registers (128 total):
  R0: Sun Sep 14 275760 00:00:00 GMT+0100 (WEST) (type 14)
  R1: [Function: setYear] (type 9)
  R2: 275760 (type 4)
  R3: NaN (type 4)
  R4: [Function: assert] (type 10)
  R5: [Function: sameValue] (type 9)
  R6: 8640000082800000 (type 4)
  R7: NaN (type 4)
  R8: method return value (invalid date) (type 2)
  R9: Wed Sep 10 275760 00:00:00 GMT+0100 (WEST) (type 14)
  R10: [Function: Date] (type 10)
  R11: 1970 (type 4)
  R12: 8 (type 4)
  R13: 14 (type 4)
  R14: 0 (type 4)
  R15: 0 (type 4)
  R16: 0 (type 4)
  R17: Sun Sep 14 275760 00:00:00 GMT+0100 (WEST) (type 14)
  R18: null (type 0)
  R19: null (type 0)
  R20: null (type 0)
  R21: null (type 0)
  R22: null (type 0)
  R23: null (type 0)
  R24: null (type 0)
  R25: null (type 0)
  R26: null (type 0)
  R27: null (type 0)
  R28: null (type 0)
  R29: null (type 0)
  R30: null (type 0)
  R31: null (type 0)
  R32: null (type 0)
  R33: null (type 0)
  R34: null (type 0)
  R35: null (type 0)
  R36: null (type 0)
  R37: null (type 0)
  R38: null (type 0)
  R39: null (type 0)
  R40: null (type 0)
  R41: null (type 0)
  R42: null (type 0)
  R43: null (type 0)
  R44: null (type 0)
  R45: null (type 0)
  R46: null (type 0)
  R47: null (type 0)
  R48: null (type 0)
  R49: null (type 0)
  R50: null (type 0)
  R51: null (type 0)
  R52: null (type 0)
  R53: null (type 0)
  R54: null (type 0)
  R55: null (type 0)
  R56: null (type 0)
  R57: null (type 0)
  R58: null (type 0)
  R59: null (type 0)
  R60: null (type 0)
  R61: null (type 0)
  R62: null (type 0)
  R63: null (type 0)
  R64: null (type 0)
  R65: null (type 0)
  R66: null (type 0)
  R67: null (type 0)
  R68: null (type 0)
  R69: null (type 0)
  R70: null (type 0)
  R71: null (type 0)
  R72: null (type 0)
  R73: null (type 0)
  R74: null (type 0)
  R75: null (type 0)
  R76: null (type 0)
  R77: null (type 0)
  R78: null (type 0)
  R79: null (type 0)
  R80: null (type 0)
  R81: null (type 0)
  R82: null (type 0)
  R83: null (type 0)
  R84: null (type 0)
  R85: null (type 0)
  R86: null (type 0)
  R87: null (type 0)
  R88: null (type 0)
  R89: null (type 0)
  R90: null (type 0)
  R91: null (type 0)
  R92: null (type 0)
  R93: null (type 0)
  R94: null (type 0)
  R95: null (type 0)
  R96: null (type 0)
  R97: null (type 0)
  R98: null (type 0)
  R99: null (type 0)
  R100: null (type 0)
  R101: null (type 0)
  R102: null (type 0)
  R103: null (type 0)
  R104: null (type 0)
  R105: null (type 0)
  R106: null (type 0)
  R107: null (type 0)
  R108: null (type 0)
  R109: null (type 0)
  R110: null (type 0)
  R111: null (type 0)
  R112: null (type 0)
  R113: null (type 0)
  R114: null (type 0)
  R115: null (type 0)
  R116: null (type 0)
  R117: null (type 0)
  R118: null (type 0)
  R119: null (type 0)
  R120: null (type 0)
  R121: null (type 0)
  R122: null (type 0)
  R123: null (type 0)
  R124: null (type 0)
  R125: null (type 0)
  R126: null (type 0)
  R127: null (type 0)
===============================

DEBUG: Initializing Test262 builtins
DEBUG: Initializing assert builtins
DEBUG: Initializing Test262 builtins
DEBUG: Initializing assert builtins
DEBUG: Initializing Test262 builtins
DEBUG: Initializing assert builtins
DEBUG: Initializing Test262 builtins
DEBUG: Initializing assert builtins
runtime: goroutine stack exceeds 1000000000-byte limit
runtime: sp=0x14020e86660 stack=[0x14020e86000, 0x14040e86000]
fatal error: stack overflow

runtime stack:
runtime.throw({0x1050bc766?, 0xffffffffffffffff?})
	/opt/homebrew/Cellar/go/1.24.3/libexec/src/runtime/panic.go:1101 +0x38 fp=0x16b5c2d90 sp=0x16b5c2d60 pc=0x104c7c898
runtime.newstack()
	/opt/homebrew/Cellar/go/1.24.3/libexec/src/runtime/stack.go:1107 +0x45c fp=0x16b5c2ed0 sp=0x16b5c2d90 pc=0x104c63f1c
runtime.morestack()
	/opt/homebrew/Cellar/go/1.24.3/libexec/src/runtime/asm_arm64.s:342 +0x70 fp=0x16b5c2ed0 sp=0x16b5c2ed0 pc=0x104c82000

goroutine 1 gp=0x140000021c0 m=7 mp=0x14000101008 [running]:
paserati/pkg/vm.(*VM).run(0x14000d82000)
	/Users/nooga/lab/paserati/pkg/vm/vm.go:375 +0xc9c0 fp=0x14020e86660 sp=0x14020e86660 pc=0x104d8eb80
paserati/pkg/vm.(*VM).CallFunctionDirectly(0x14000d82000, {0xd4?, 0x14020e86788?, 0x1400001e1e0?}, {0x18?, 0x1052661c0?, 0x0?}, {0x1055ef420?, 0x12cfa8347aa142a9?, 0x1?})
	/Users/nooga/lab/paserati/pkg/vm/vm_init.go:276 +0x130 fp=0x14020e86710 sp=0x14020e86660 pc=0x104d94140
main.(*AssertInitializer).InitRuntime.func2({0x14000d84080?, 0x14003381770?, 0x14020e86858?})
	/Users/nooga/lab/paserati/cmd/paserati-test262/test262_builtins.go:232 +0x90 fp=0x14020e86770 sp=0x14020e86710 pc=0x105072ae0
paserati/pkg/vm.(*VM).prepareCallWithGeneratorMode(0x14000d82000, {0x9, 0x0, 0x14000c38c00}, {0x0?, 0x1050b8c1a?, 0x14000c38bd0?}, {0x14000d84080, 0x2, 0x104d862c0?}, ...)
	/Users/nooga/lab/paserati/pkg/vm/call.go:177 +0x898 fp=0x14020e868c0 sp=0x14020e86770 pc=0x104d71d48
paserati/pkg/vm.(*VM).prepareCall(...)
	/Users/nooga/lab/paserati/pkg/vm/call.go:22
paserati/pkg/vm.(*VM).prepareMethodCall(0x14000d82000?, {0x8?, 0x14000d84020?, 0x14000c38c00?}, {0x6?, 0x14000d84068?, 0x14000c38bd0?}, {0x14000d84080?, 0x0?, 0x0?}, ...)
	/Users/nooga/lab/paserati/pkg/vm/call.go:298 +0x34 fp=0x14020e86950 sp=0x14020e868c0 pc=0x104d72664
paserati/pkg/vm.(*VM).run(0x14000d82000)
	/Users/nooga/lab/paserati/pkg/vm/vm.go:1848 +0x3a08 fp=0x14020e870c0 sp=0x14020e86950 pc=0x104d85bc8
paserati/pkg/vm.(*VM).CallFunctionDirectly(0x14000d82000, {0xd4?, 0x14020e871e8?, 0x1400001e1e0?}, {0x18?, 0x1052661c0?, 0x0?}, {0x1055ef420?, 0x12cfa8347aa142a9?, 0x1?})
	/Users/nooga/lab/paserati/pkg/vm/vm_init.go:276 +0x130 fp=0x14020e87170 sp=0x14020e870c0 pc=0x104d94140
main.(*AssertInitializer).InitRuntime.func2({0x14000d84080?, 0x14003381728?, 0x14020e872b8?})
	/Users/nooga/lab/paserati/cmd/paserati-test262/test262_builtins.go:232 +0x90 fp=0x14020e871d0 sp=0x14020e87170 pc=0x105072ae0
paserati/pkg/vm.(*VM).prepareCallWithGeneratorMode(0x14000d82000, {0x9, 0x0, 0x14000c38c00}, {0x0?, 0x1050b8c1a?, 0x14000c38bd0?}, {0x14000d84080, 0x2, 0x104d862c0?}, ...)
	/Users/nooga/lab/paserati/pkg/vm/call.go:177 +0x898 fp=0x14020e87320 sp=0x14020e871d0 pc=0x104d71d48
paserati/pkg/vm.(*VM).prepareCall(...)
	/Users/nooga/lab/paserati/pkg/vm/call.go:22
paserati/pkg/vm.(*VM).prepareMethodCall(0x14000d82000?, {0x8?, 0x14000d84020?, 0x14000c38c00?}, {0x6?, 0x14000d84068?, 0x14000c38bd0?}, {0x14000d84080?, 0x0?, 0x0?}, ...)
	/Users/nooga/lab/paserati/pkg/vm/call.go:298 +0x34 fp=0x14020e873b0 sp=0x14020e87320 pc=0x104d72664
paserati/pkg/vm.(*VM).run(0x14000d82000)
	/Users/nooga/lab/paserati/pkg/vm/vm.go:1848 +0x3a08 fp=0x14020e87b20 sp=0x14020e873b0 pc=0x104d85bc8
paserati/pkg/vm.(*VM).CallFunctionDirectly(0x14000d82000, {0xd4?, 0x14020e87c48?, 0x1400001e1e0?}, {0x18?, 0x1052661c0?, 0x0?}, {0x1055ef420?, 0x12cfa8347aa142a9?, 0x1?})
	/Users/nooga/lab/paserati/pkg/vm/vm_init.go:276 +0x130 fp=0x14020e87bd0 sp=0x14020e87b20 pc=0x104d94140
main.(*AssertInitializer).InitRuntime.func2({0x14000d84080?, 0x140033816e0?, 0x14020e87d18?})
	/Users/nooga/lab/paserati/cmd/paserati-test262/test262_builtins.go:232 +0x90 fp=0x14020e87c30 sp=0x14020e87bd0 pc=0x105072ae0
paserati/pkg/vm.(*VM).prepareCallWithGeneratorMode(0x14000d82000, {0x9, 0x0, 0x14000c38c00}, {0x0?, 0x1050b8c1a?, 0x14000c38bd0?}, {0x14000d84080, 0x2, 0x104d862c0?}, ...)
	/Users/nooga/lab/paserati/pkg/vm/call.go:177 +0x898 fp=0x14020e87d80 sp=0x14020e87c30 pc=0x104d71d48
paserati/pkg/vm.(*VM).prepareCall(...)
	/Users/nooga/lab/paserati/pkg/vm/call.go:22
paserati/pkg/vm.(*VM).prepareMethodCall(0x14000d82000?, {0x8?, 0x14000d84020?, 0x14000c38c00?}, {0x6?, 0x14000d84068?, 0x14000c38bd0?}, {0x14000d84080?, 0x0?, 0x0?}, ...)
	/Users/nooga/lab/paserati/pkg/vm/call.go:298 +0x34 fp=0x14020e87e10 sp=0x14020e87d80 pc=0x104d72664
paserati/pkg/vm.(*VM).run(0x14000d82000)
	/Users/nooga/lab/paserati/pkg/vm/vm.go:1848 +0x3a08 fp=0x14020e88580 sp=0x14020e87e10 pc=0x104d85bc8
paserati/pkg/vm.(*VM).CallFunctionDirectly(0x14000d82000, {0xd4?, 0x14020e886a8?, 0x1400001e1e0?}, {0x18?, 0x1052661c0?, 0x0?}, {0x1055ef420?, 0x12cfa8347aa142a9?, 0x1?})
	/Users/nooga/lab/paserati/pkg/vm/vm_init.go:276 +0x130 fp=0x14020e88630 sp=0x14020e88580 pc=0x104d94140
main.(*AssertInitializer).InitRuntime.func2({0x14000d84080?, 0x14003381698?, 0x14020e88778?})
	/Users/nooga/lab/paserati/cmd/paserati-test262/test262_builtins.go:232 +0x90 fp=0x14020e88690 sp=0x14020e88630 pc=0x105072ae0
paserati/pkg/vm.(*VM).prepareCallWithGeneratorMode(0x14000d82000, {0x9, 0x0, 0x14000c38c00}, {0x0?, 0x1050b8c1a?, 0x14000c38bd0?}, {0x14000d84080, 0x2, 0x104d862c0?}, ...)
	/Users/nooga/lab/paserati/pkg/vm/call.go:177 +0x898 fp=0x14020e887e0 sp=0x14020e88690 pc=0x104d71d48
paserati/pkg/vm.(*VM).prepareCall(...)
	/Users/nooga/lab/paserati/pkg/vm/call.go:22
paserati/pkg/vm.(*VM).prepareMethodCall(0x14000d82000?, {0x8?, 0x14000d84020?, 0x14000c38c00?}, {0x6?, 0x14000d84068?, 0x14000c38bd0?}, {0x14000d84080?, 0x0?, 0x0?}, ...)
	/Users/nooga/lab/paserati/pkg/vm/call.go:298 +0x34 fp=0x14020e88870 sp=0x14020e887e0 pc=0x104d72664
paserati/pkg/vm.(*VM).run(0x14000d82000)
	/Users/nooga/lab/paserati/pkg/vm/vm.go:1848 +0x3a08 fp=0x14020e88fe0 sp=0x14020e88870 pc=0x104d85bc8
paserati/pkg/vm.(*VM).CallFunctionDirectly(0x14000d82000, {0xd4?, 0x14020e89108?, 0x1400001e1e0?}, {0x18?, 0x1052661c0?, 0x0?}, {0x1055ef420?, 0x12cfa8347aa142a9?, 0x1?})
	/Users/nooga/lab/paserati/pkg/vm/vm_init.go:276 +0x130 fp=0x14020e89090 sp=0x14020e88fe0 pc=0x104d94140
main.(*AssertInitializer).InitRuntime.func2({0x14000d84080?, 0x14003381650?, 0x14020e891d8?})
	/Users/nooga/lab/paserati/cmd/paserati-test262/test262_builtins.go:232 +0x90 fp=0x14020e890f0 sp=0x14020e89090 pc=0x105072ae0
paserati/pkg/vm.(*VM).prepareCallWithGeneratorMode(0x14000d82000, {0x9, 0x0, 0x14000c38c00}, {0x0?, 0x1050b8c1a?, 0x14000c38bd0?}, {0x14000d84080, 0x2, 0x104d862c0?}, ...)
	/Users/nooga/lab/paserati/pkg/vm/call.go:177 +0x898 fp=0x14020e89240 sp=0x14020e890f0 pc=0x104d71d48
paserati/pkg/vm.(*VM).prepareCall(...)
	/Users/nooga/lab/paserati/pkg/vm/call.go:22
paserati/pkg/vm.(*VM).prepareMethodCall(0x14000d82000?, {0x8?, 0x14000d84020?, 0x14000c38c00?}, {0x6?, 0x14000d84068?, 0x14000c38bd0?}, {0x14000d84080?, 0x0?, 0x0?}, ...)
	/Users/nooga/lab/paserati/pkg/vm/call.go:298 +0x34 fp=0x14020e892d0 sp=0x14020e89240 pc=0x104d72664
paserati/pkg/vm.(*VM).run(0x14000d82000)
	/Users/nooga/lab/paserati/pkg/vm/vm.go:1848 +0x3a08 fp=0x14020e89a40 sp=0x14020e892d0 pc=0x104d85bc8
paserati/pkg/vm.(*VM).CallFunctionDirectly(0x14000d82000, {0xd4?, 0x14020e89b68?, 0x1400001e1e0?}, {0x18?, 0x1052661c0?, 0x0?}, {0x1055ef420?, 0x12cfa8347aa142a9?, 0x1?})
	/Users/nooga/lab/paserati/pkg/vm/vm_init.go:276 +0x130 fp=0x14020e89af0 sp=0x14020e89a40 pc=0x104d94140
main.(*AssertInitializer).InitRuntime.func2({0x14000d84080?, 0x14003381608?, 0x14020e89c38?})
	/Users/nooga/lab/paserati/cmd/paserati-test262/test262_builtins.go:232 +0x90 fp=0x14020e89b50 sp=0x14020e89af0 pc=0x105072ae0
paserati/pkg/vm.(*VM).prepareCallWithGeneratorMode(0x14000d82000, {0x9, 0x0, 0x14000c38c00}, {0x0?, 0x1050b8c1a?, 0x14000c38bd0?}, {0x14000d84080, 0x2, 0x104d862c0?}, ...)
	/Users/nooga/lab/paserati/pkg/vm/call.go:177 +0x898 fp=0x14020e89ca0 sp=0x14020e89b50 pc=0x104d71d48
paserati/pkg/vm.(*VM).prepareCall(...)
	/Users/nooga/lab/paserati/pkg/vm/call.go:22
paserati/pkg/vm.(*VM).prepareMethodCall(0x14000d82000?, {0x8?, 0x14000d84020?, 0x14000c38c00?}, {0x6?, 0x14000d84068?, 0x14000c38bd0?}, {0x14000d84080?, 0x0?, 0x0?}, ...)
	/Users/nooga/lab/paserati/pkg/vm/call.go:298 +0x34 fp=0x14020e89d30 sp=0x14020e89ca0 pc=0x104d72664
paserati/pkg/vm.(*VM).run(0x14000d82000)
	/Users/nooga/lab/paserati/pkg/vm/vm.go:1848 +0x3a08 fp=0x14020e8a4a0 sp=0x14020e89d30 pc=0x104d85bc8
paserati/pkg/vm.(*VM).CallFunctionDirectly(0x14000d82000, {0xd4?, 0x14020e8a5c8?, 0x1400001e1e0?}, {0x18?, 0x1052661c0?, 0x0?}, {0x1055ef420?, 0x12cfa8347aa142a9?, 0x1?})
	/Users/nooga/lab/paserati/pkg/vm/vm_init.go:276 +0x130 fp=0x14020e8a550 sp=0x14020e8a4a0 pc=0x104d94140
main.(*AssertInitializer).InitRuntime.func2({0x14000d84080?, 0x140033815c0?, 0x14020e8a698?})
	/Users/nooga/lab/paserati/cmd/paserati-test262/test262_builtins.go:232 +0x90 fp=0x14020e8a5b0 sp=0x14020e8a550 pc=0x105072ae0
paserati/pkg/vm.(*VM).prepareCallWithGeneratorMode(0x14000d82000, {0x9, 0x0, 0x14000c38c00}, {0x0?, 0x1050b8c1a?, 0x14000c38bd0?}, {0x14000d84080, 0x2, 0x104d862c0?}, ...)
	/Users/nooga/lab/paserati/pkg/vm/call.go:177 +0x898 fp=0x14020e8a700 sp=0x14020e8a5b0 pc=0x104d71d48
paserati/pkg/vm.(*VM).prepareCall(...)
	/Users/nooga/lab/paserati/pkg/vm/call.go:22
paserati/pkg/vm.(*VM).prepareMethodCall(0x14000d82000?, {0x8?, 0x14000d84020?, 0x14000c38c00?}, {0x6?, 0x14000d84068?, 0x14000c38bd0?}, {0x14000d84080?, 0x0?, 0x0?}, ...)
	/Users/nooga/lab/paserati/pkg/vm/call.go:298 +0x34 fp=0x14020e8a790 sp=0x14020e8a700 pc=0x104d72664
paserati/pkg/vm.(*VM).run(0x14000d82000)
	/Users/nooga/lab/paserati/pkg/vm/vm.go:1848 +0x3a08 fp=0x14020e8af00 sp=0x14020e8a790 pc=0x104d85bc8
paserati/pkg/vm.(*VM).CallFunctionDirectly(0x14000d82000, {0xd4?, 0x14020e8b028?, 0x1400001e1e0?}, {0x18?, 0x1052661c0?, 0x0?}, {0x1055ef420?, 0x12cfa8347aa142a9?, 0x1?})
	/Users/nooga/lab/paserati/pkg/vm/vm_init.go:276 +0x130 fp=0x14020e8afb0 sp=0x14020e8af00 pc=0x104d94140
main.(*AssertInitializer).InitRuntime.func2({0x14000d84080?, 0x14003381578?, 0x14020e8b0f8?})
	/Users/nooga/lab/paserati/cmd/paserati-test262/test262_builtins.go:232 +0x90 fp=0x14020e8b010 sp=0x14020e8afb0 pc=0x105072ae0
paserati/pkg/vm.(*VM).prepareCallWithGeneratorMode(0x14000d82000, {0x9, 0x0, 0x14000c38c00}, {0x0?, 0x1050b8c1a?, 0x14000c38bd0?}, {0x14000d84080, 0x2, 0x104d862c0?}, ...)
	/Users/nooga/lab/paserati/pkg/vm/call.go:177 +0x898 fp=0x14020e8b160 sp=0x14020e8b010 pc=0x104d71d48
paserati/pkg/vm.(*VM).prepareCall(...)
	/Users/nooga/lab/paserati/pkg/vm/call.go:22
paserati/pkg/vm.(*VM).prepareMethodCall(0x14000d82000?, {0x8?, 0x14000d84020?, 0x14000c38c00?}, {0x6?, 0x14000d84068?, 0x14000c38bd0?}, {0x14000d84080?, 0x0?, 0x0?}, ...)
	/Users/nooga/lab/paserati/pkg/vm/call.go:298 +0x34 fp=0x14020e8b1f0 sp=0x14020e8b160 pc=0x104d72664
paserati/pkg/vm.(*VM).run(0x14000d82000)
	/Users/nooga/lab/paserati/pkg/vm/vm.go:1848 +0x3a08 fp=0x14020e8b960 sp=0x14020e8b1f0 pc=0x104d85bc8
paserati/pkg/vm.(*VM).CallFunctionDirectly(0x14000d82000, {0xd4?, 0x14020e8ba88?, 0x1400001e1e0?}, {0x18?, 0x1052661c0?, 0x0?}, {0x1055ef420?, 0x12cfa8347aa142a9?, 0x1?})
	/Users/nooga/lab/paserati/pkg/vm/vm_init.go:276 +0x130 fp=0x14020e8ba10 sp=0x14020e8b960 pc=0x104d94140
...1212712 frames elided...
paserati/pkg/vm.(*VM).run(0x14000d82000)
	/Users/nooga/lab/paserati/pkg/vm/vm.go:1848 +0x3a08 fp=0x14040e81200 sp=0x14040e80a90 pc=0x104d85bc8
paserati/pkg/vm.(*VM).CallFunctionDirectly(0x14000d82000, {0xd4?, 0x140001b7328?, 0x1400001e1e0?}, {0x18?, 0x1052661c0?, 0x0?}, {0x1055ef420?, 0x12cfa8347aa142a9?, 0x1?})
	/Users/nooga/lab/paserati/pkg/vm/vm_init.go:276 +0x130 fp=0x14040e812b0 sp=0x14040e81200 pc=0x104d94140
main.(*AssertInitializer).InitRuntime.func2({0x14000d84080?, 0x14000168390?, 0x140001b73f8?})
	/Users/nooga/lab/paserati/cmd/paserati-test262/test262_builtins.go:232 +0x90 fp=0x14040e81310 sp=0x14040e812b0 pc=0x105072ae0
paserati/pkg/vm.(*VM).prepareCallWithGeneratorMode(0x14000d82000, {0x9, 0x0, 0x14000c38c00}, {0x0?, 0x1050b8c1a?, 0x14000c38bd0?}, {0x14000d84080, 0x2, 0x104d862c0?}, ...)
	/Users/nooga/lab/paserati/pkg/vm/call.go:177 +0x898 fp=0x14040e81460 sp=0x14040e81310 pc=0x104d71d48
paserati/pkg/vm.(*VM).prepareCall(...)
	/Users/nooga/lab/paserati/pkg/vm/call.go:22
paserati/pkg/vm.(*VM).prepareMethodCall(0x14000d82000?, {0x8?, 0x14000d84020?, 0x14000c38c00?}, {0x6?, 0x14000d84068?, 0x14000c38bd0?}, {0x14000d84080?, 0x14000959a00?, 0x140000ea000?}, ...)
	/Users/nooga/lab/paserati/pkg/vm/call.go:298 +0x34 fp=0x14040e814f0 sp=0x14040e81460 pc=0x104d72664
paserati/pkg/vm.(*VM).run(0x14000d82000)
	/Users/nooga/lab/paserati/pkg/vm/vm.go:1848 +0x3a08 fp=0x14040e81c60 sp=0x14040e814f0 pc=0x104d85bc8
paserati/pkg/vm.(*VM).CallFunctionDirectly(0x14000d82000, {0xd4?, 0x140001b7d88?, 0x1400001e1e0?}, {0x18?, 0x1052661c0?, 0x0?}, {0x1055ef420?, 0x12cfa8347aa142a9?, 0x1?})
	/Users/nooga/lab/paserati/pkg/vm/vm_init.go:276 +0x130 fp=0x14040e81d10 sp=0x14040e81c60 pc=0x104d94140
main.(*AssertInitializer).InitRuntime.func2({0x14000d84080?, 0x14000168348?, 0x140001b7e58?})
	/Users/nooga/lab/paserati/cmd/paserati-test262/test262_builtins.go:232 +0x90 fp=0x14040e81d70 sp=0x14040e81d10 pc=0x105072ae0
paserati/pkg/vm.(*VM).prepareCallWithGeneratorMode(0x14000d82000, {0x9, 0x0, 0x14000c38c00}, {0x0?, 0x1050b8c1a?, 0x14000c38bd0?}, {0x14000d84080, 0x2, 0x104d862c0?}, ...)
	/Users/nooga/lab/paserati/pkg/vm/call.go:177 +0x898 fp=0x14040e81ec0 sp=0x14040e81d70 pc=0x104d71d48
paserati/pkg/vm.(*VM).prepareCall(...)
	/Users/nooga/lab/paserati/pkg/vm/call.go:22
paserati/pkg/vm.(*VM).prepareMethodCall(0x14000d82000?, {0x8?, 0x14000d84020?, 0x14000c38c00?}, {0x6?, 0x14000d84068?, 0x14000c38bd0?}, {0x14000d84080?, 0x1051fa460?, 0x14000741e30?}, ...)
	/Users/nooga/lab/paserati/pkg/vm/call.go:298 +0x34 fp=0x14040e81f50 sp=0x14040e81ec0 pc=0x104d72664
paserati/pkg/vm.(*VM).run(0x14000d82000)
	/Users/nooga/lab/paserati/pkg/vm/vm.go:1848 +0x3a08 fp=0x14040e826c0 sp=0x14040e81f50 pc=0x104d85bc8
paserati/pkg/vm.(*VM).CallFunctionDirectly(0x14000d82000, {0xd4?, 0x140001b87e8?, 0x1400001e1e0?}, {0x18?, 0x1052661c0?, 0x0?}, {0x1055ef420?, 0x12cfa8347aa142a9?, 0x1?})
	/Users/nooga/lab/paserati/pkg/vm/vm_init.go:276 +0x130 fp=0x14040e82770 sp=0x14040e826c0 pc=0x104d94140
main.(*AssertInitializer).InitRuntime.func2({0x14000d84080?, 0x14000168300?, 0x140001b88b8?})
	/Users/nooga/lab/paserati/cmd/paserati-test262/test262_builtins.go:232 +0x90 fp=0x14040e827d0 sp=0x14040e82770 pc=0x105072ae0
paserati/pkg/vm.(*VM).prepareCallWithGeneratorMode(0x14000d82000, {0x9, 0x0, 0x14000c38c00}, {0x0?, 0x1050b8c1a?, 0x14000c38bd0?}, {0x14000d84080, 0x2, 0x104d862c0?}, ...)
	/Users/nooga/lab/paserati/pkg/vm/call.go:177 +0x898 fp=0x14040e82920 sp=0x14040e827d0 pc=0x104d71d48
paserati/pkg/vm.(*VM).prepareCall(...)
	/Users/nooga/lab/paserati/pkg/vm/call.go:22
paserati/pkg/vm.(*VM).prepareMethodCall(0x14000d82000?, {0x8?, 0x14000d84020?, 0x14000c38c00?}, {0x6?, 0x14000d84068?, 0x14000c38bd0?}, {0x14000d84080?, 0x140001b8af8?, 0x104d001dc?}, ...)
	/Users/nooga/lab/paserati/pkg/vm/call.go:298 +0x34 fp=0x14040e829b0 sp=0x14040e82920 pc=0x104d72664
paserati/pkg/vm.(*VM).run(0x14000d82000)
	/Users/nooga/lab/paserati/pkg/vm/vm.go:1848 +0x3a08 fp=0x14040e83120 sp=0x14040e829b0 pc=0x104d85bc8
paserati/pkg/vm.(*VM).CallFunctionDirectly(0x14000d82000, {0xd4?, 0x140001b9248?, 0x1400001e1e0?}, {0x18?, 0x1052661c0?, 0x0?}, {0x1055ef420?, 0x12cfa8347aa142a9?, 0x1?})
	/Users/nooga/lab/paserati/pkg/vm/vm_init.go:276 +0x130 fp=0x14040e831d0 sp=0x14040e83120 pc=0x104d94140
main.(*AssertInitializer).InitRuntime.func2({0x14000d84080?, 0x140001682b8?, 0x140001b9318?})
	/Users/nooga/lab/paserati/cmd/paserati-test262/test262_builtins.go:232 +0x90 fp=0x14040e83230 sp=0x14040e831d0 pc=0x105072ae0
paserati/pkg/vm.(*VM).prepareCallWithGeneratorMode(0x14000d82000, {0x9, 0x0, 0x14000c38c00}, {0x0?, 0x1050b8c1a?, 0x14000c38bd0?}, {0x14000d84080, 0x2, 0x104d862c0?}, ...)
	/Users/nooga/lab/paserati/pkg/vm/call.go:177 +0x898 fp=0x14040e83380 sp=0x14040e83230 pc=0x104d71d48
paserati/pkg/vm.(*VM).prepareCall(...)
	/Users/nooga/lab/paserati/pkg/vm/call.go:22
paserati/pkg/vm.(*VM).prepareMethodCall(0x14000d82000?, {0x8?, 0x14000d84020?, 0x14000c38c00?}, {0x6?, 0x14000d84068?, 0x14000c38bd0?}, {0x14000d84080?, 0x140006de380?, 0x200014001c6c500?}, ...)
	/Users/nooga/lab/paserati/pkg/vm/call.go:298 +0x34 fp=0x14040e83410 sp=0x14040e83380 pc=0x104d72664
paserati/pkg/vm.(*VM).run(0x14000d82000)
	/Users/nooga/lab/paserati/pkg/vm/vm.go:1848 +0x3a08 fp=0x14040e83b80 sp=0x14040e83410 pc=0x104d85bc8
paserati/pkg/vm.(*VM).CallFunctionDirectly(0x14000d82000, {0xd4?, 0x140001b9ca8?, 0x1400001e1e0?}, {0x18?, 0x1052661c0?, 0x0?}, {0x1055ef420?, 0x12cfa8347aa142a9?, 0x1?})
	/Users/nooga/lab/paserati/pkg/vm/vm_init.go:276 +0x130 fp=0x14040e83c30 sp=0x14040e83b80 pc=0x104d94140
main.(*AssertInitializer).InitRuntime.func2({0x14000d84080?, 0x14000168270?, 0x140001b9d78?})
	/Users/nooga/lab/paserati/cmd/paserati-test262/test262_builtins.go:232 +0x90 fp=0x14040e83c90 sp=0x14040e83c30 pc=0x105072ae0
paserati/pkg/vm.(*VM).prepareCallWithGeneratorMode(0x14000d82000, {0x9, 0x0, 0x14000c38c00}, {0x0?, 0x1050b8c1a?, 0x14000c38bd0?}, {0x14000d84080, 0x2, 0x104d862c0?}, ...)
	/Users/nooga/lab/paserati/pkg/vm/call.go:177 +0x898 fp=0x14040e83de0 sp=0x14040e83c90 pc=0x104d71d48
paserati/pkg/vm.(*VM).prepareCall(...)
	/Users/nooga/lab/paserati/pkg/vm/call.go:22
paserati/pkg/vm.(*VM).prepareMethodCall(0x14000d82000?, {0x8?, 0x14000d84020?, 0x14000c38c00?}, {0x6?, 0x14000d84068?, 0x14000c38bd0?}, {0x14000d84080?, 0x25d?, 0x1050b8202?}, ...)
	/Users/nooga/lab/paserati/pkg/vm/call.go:298 +0x34 fp=0x14040e83e70 sp=0x14040e83de0 pc=0x104d72664
paserati/pkg/vm.(*VM).run(0x14000d82000)
	/Users/nooga/lab/paserati/pkg/vm/vm.go:1848 +0x3a08 fp=0x14040e845e0 sp=0x14040e83e70 pc=0x104d85bc8
paserati/pkg/vm.(*VM).CallFunctionDirectly(0x14000d82000, {0xd4?, 0x140001ba708?, 0x1400001e1e0?}, {0x18?, 0x1052661c0?, 0x0?}, {0x1055ef420?, 0x12cfa8347aa142a9?, 0x1?})
	/Users/nooga/lab/paserati/pkg/vm/vm_init.go:276 +0x130 fp=0x14040e84690 sp=0x14040e845e0 pc=0x104d94140
main.(*AssertInitializer).InitRuntime.func2({0x14000d84080?, 0x14000168228?, 0x140001ba7d8?})
	/Users/nooga/lab/paserati/cmd/paserati-test262/test262_builtins.go:232 +0x90 fp=0x14040e846f0 sp=0x14040e84690 pc=0x105072ae0
paserati/pkg/vm.(*VM).prepareCallWithGeneratorMode(0x14000d82000, {0x9, 0x0, 0x14000c38c00}, {0x0?, 0x1050b8c1a?, 0x14000c38bd0?}, {0x14000d84080, 0x2, 0x104d862c0?}, ...)
	/Users/nooga/lab/paserati/pkg/vm/call.go:177 +0x898 fp=0x14040e84840 sp=0x14040e846f0 pc=0x104d71d48
paserati/pkg/vm.(*VM).prepareCall(...)
	/Users/nooga/lab/paserati/pkg/vm/call.go:22
paserati/pkg/vm.(*VM).prepareMethodCall(0x14000d82000?, {0x8?, 0x14000d84020?, 0x14000c38c00?}, {0x6?, 0x14000d84068?, 0x14000c38bd0?}, {0x14000d84080?, 0x140001ba938?, 0x104c22244?}, ...)
	/Users/nooga/lab/paserati/pkg/vm/call.go:298 +0x34 fp=0x14040e848d0 sp=0x14040e84840 pc=0x104d72664
paserati/pkg/vm.(*VM).run(0x14000d82000)
	/Users/nooga/lab/paserati/pkg/vm/vm.go:1848 +0x3a08 fp=0x14040e85040 sp=0x14040e848d0 pc=0x104d85bc8
paserati/pkg/vm.(*VM).CallFunctionDirectly(0x14000d82000, {0xb4?, 0x1055f0600?, 0x1400001e1e0?}, {0x48?, 0x104c21ec8?, 0x0?}, {0x1055ef420?, 0x54000000000010?, 0x540575cf60?})
	/Users/nooga/lab/paserati/pkg/vm/vm_init.go:276 +0x130 fp=0x14040e850f0 sp=0x14040e85040 pc=0x104d94140
main.(*AssertInitializer).InitRuntime.func2({0x14000d84080?, 0x140001680a8?, 0x140001bb238?})
	/Users/nooga/lab/paserati/cmd/paserati-test262/test262_builtins.go:232 +0x90 fp=0x14040e85150 sp=0x14040e850f0 pc=0x105072ae0
paserati/pkg/vm.(*VM).prepareCallWithGeneratorMode(0x14000d82000, {0x9, 0x0, 0x14000c38c00}, {0x0?, 0x1050b8c1a?, 0x14000c38bd0?}, {0x14000d84080, 0x2, 0x104d862c0?}, ...)
	/Users/nooga/lab/paserati/pkg/vm/call.go:177 +0x898 fp=0x14040e852a0 sp=0x14040e85150 pc=0x104d71d48
paserati/pkg/vm.(*VM).prepareCall(...)
	/Users/nooga/lab/paserati/pkg/vm/call.go:22
paserati/pkg/vm.(*VM).prepareMethodCall(0x14000d82000?, {0xf0?, 0x14000d84020?, 0x14000c38c00?}, {0x6?, 0x14000d84068?, 0x14000c38bd0?}, {0x14000d84080?, 0x140001bb400?, 0x104f742c0?}, ...)
	/Users/nooga/lab/paserati/pkg/vm/call.go:298 +0x34 fp=0x14040e85330 sp=0x14040e852a0 pc=0x104d72664
paserati/pkg/vm.(*VM).run(0x14000d82000)
	/Users/nooga/lab/paserati/pkg/vm/vm.go:1848 +0x3a08 fp=0x14040e85aa0 sp=0x14040e85330 pc=0x104d85bc8
paserati/pkg/vm.(*VM).Interpret(0x14000d82000, 0x14000c36a20)
	/Users/nooga/lab/paserati/pkg/vm/vm.go:354 +0x368 fp=0x14040e85b70 sp=0x14040e85aa0 pc=0x104d81f28
paserati/pkg/driver.(*Paserati).RunString(0x14000c0cb80, {0x14000bf8780, 0x27a})
	/Users/nooga/lab/paserati/pkg/driver/driver.go:323 +0x254 fp=0x14040e85bd0 sp=0x14040e85b70 pc=0x105068fa4
main.runSingleTest({0x1400015c7d0?, 0x1400011a028?}, 0xad?)
	/Users/nooga/lab/paserati/cmd/paserati-test262/main.go:159 +0x108 fp=0x14040e85ca0 sp=0x14040e85bd0 pc=0x105070818
main.runTests({0x14000a38000, 0x64, 0x1050bf3f5?}, 0x0)
	/Users/nooga/lab/paserati/cmd/paserati-test262/main.go:118 +0x194 fp=0x14040e85e10 sp=0x14040e85ca0 pc=0x105070534
main.main()
	/Users/nooga/lab/paserati/cmd/paserati-test262/main.go:55 +0x3d4 fp=0x14040e85f40 sp=0x14040e85e10 pc=0x1050700d4
runtime.main()
	/opt/homebrew/Cellar/go/1.24.3/libexec/src/runtime/proc.go:283 +0x284 fp=0x14040e85fd0 sp=0x14040e85f40 pc=0x104c4a2f4
runtime.goexit({})
	/opt/homebrew/Cellar/go/1.24.3/libexec/src/runtime/asm_arm64.s:1223 +0x4 fp=0x14040e85fd0 sp=0x14040e85fd0 pc=0x104c84274

goroutine 2 gp=0x14000002700 m=nil [force gc (idle)]:
runtime.gopark(0x0?, 0x0?, 0x0?, 0x0?, 0x0?)
	/opt/homebrew/Cellar/go/1.24.3/libexec/src/runtime/proc.go:435 +0xc8 fp=0x14000062f90 sp=0x14000062f70 pc=0x104c7c9b8
runtime.goparkunlock(...)
	/opt/homebrew/Cellar/go/1.24.3/libexec/src/runtime/proc.go:441
runtime.forcegchelper()
	/opt/homebrew/Cellar/go/1.24.3/libexec/src/runtime/proc.go:348 +0xb8 fp=0x14000062fd0 sp=0x14000062f90 pc=0x104c4a648
runtime.goexit({})
	/opt/homebrew/Cellar/go/1.24.3/libexec/src/runtime/asm_arm64.s:1223 +0x4 fp=0x14000062fd0 sp=0x14000062fd0 pc=0x104c84274
created by runtime.init.7 in goroutine 1
	/opt/homebrew/Cellar/go/1.24.3/libexec/src/runtime/proc.go:336 +0x24

goroutine 3 gp=0x14000002c40 m=nil [GC sweep wait]:
runtime.gopark(0x1?, 0x0?, 0x0?, 0x0?, 0x0?)
	/opt/homebrew/Cellar/go/1.24.3/libexec/src/runtime/proc.go:435 +0xc8 fp=0x14000063760 sp=0x14000063740 pc=0x104c7c9b8
runtime.goparkunlock(...)
	/opt/homebrew/Cellar/go/1.24.3/libexec/src/runtime/proc.go:441
runtime.bgsweep(0x1400007a000)
	/opt/homebrew/Cellar/go/1.24.3/libexec/src/runtime/mgcsweep.go:316 +0x108 fp=0x140000637b0 sp=0x14000063760 pc=0x104c35cf8
runtime.gcenable.gowrap1()
	/opt/homebrew/Cellar/go/1.24.3/libexec/src/runtime/mgc.go:204 +0x28 fp=0x140000637d0 sp=0x140000637b0 pc=0x104c29b08
runtime.goexit({})
	/opt/homebrew/Cellar/go/1.24.3/libexec/src/runtime/asm_arm64.s:1223 +0x4 fp=0x140000637d0 sp=0x140000637d0 pc=0x104c84274
created by runtime.gcenable in goroutine 1
	/opt/homebrew/Cellar/go/1.24.3/libexec/src/runtime/mgc.go:204 +0x6c

goroutine 4 gp=0x14000002e00 m=nil [GC scavenge wait]:
runtime.gopark(0x10000?, 0x6553f100?, 0x0?, 0x0?, 0x0?)
	/opt/homebrew/Cellar/go/1.24.3/libexec/src/runtime/proc.go:435 +0xc8 fp=0x14000063f60 sp=0x14000063f40 pc=0x104c7c9b8
runtime.goparkunlock(...)
	/opt/homebrew/Cellar/go/1.24.3/libexec/src/runtime/proc.go:441
runtime.(*scavengerState).park(0x1055c7f00)
	/opt/homebrew/Cellar/go/1.24.3/libexec/src/runtime/mgcscavenge.go:425 +0x5c fp=0x14000063f90 sp=0x14000063f60 pc=0x104c3379c
runtime.bgscavenge(0x1400007a000)
	/opt/homebrew/Cellar/go/1.24.3/libexec/src/runtime/mgcscavenge.go:658 +0xac fp=0x14000063fb0 sp=0x14000063f90 pc=0x104c33d3c
runtime.gcenable.gowrap2()
	/opt/homebrew/Cellar/go/1.24.3/libexec/src/runtime/mgc.go:205 +0x28 fp=0x14000063fd0 sp=0x14000063fb0 pc=0x104c29aa8
runtime.goexit({})
	/opt/homebrew/Cellar/go/1.24.3/libexec/src/runtime/asm_arm64.s:1223 +0x4 fp=0x14000063fd0 sp=0x14000063fd0 pc=0x104c84274
created by runtime.gcenable in goroutine 1
	/opt/homebrew/Cellar/go/1.24.3/libexec/src/runtime/mgc.go:205 +0xac

goroutine 17 gp=0x14000102380 m=nil [finalizer wait]:
runtime.gopark(0x8?, 0x1051d18c0?, 0x1?, 0x25?, 0x104c8cb34?)
	/opt/homebrew/Cellar/go/1.24.3/libexec/src/runtime/proc.go:435 +0xc8 fp=0x14000062590 sp=0x14000062570 pc=0x104c7c9b8
runtime.runfinq()
	/opt/homebrew/Cellar/go/1.24.3/libexec/src/runtime/mfinal.go:196 +0x108 fp=0x140000627d0 sp=0x14000062590 pc=0x104c28b08
runtime.goexit({})
	/opt/homebrew/Cellar/go/1.24.3/libexec/src/runtime/asm_arm64.s:1223 +0x4 fp=0x140000627d0 sp=0x140000627d0 pc=0x104c84274
created by runtime.createfing in goroutine 1
	/opt/homebrew/Cellar/go/1.24.3/libexec/src/runtime/mfinal.go:166 +0x80

goroutine 18 gp=0x14000102540 m=nil [chan receive]:
runtime.gopark(0x1400011c280?, 0x14000df6018?, 0x48?, 0xe7?, 0x104e2f348?)
	/opt/homebrew/Cellar/go/1.24.3/libexec/src/runtime/proc.go:435 +0xc8 fp=0x1400005e6f0 sp=0x1400005e6d0 pc=0x104c7c9b8
runtime.chanrecv(0x1400010e0e0, 0x0, 0x1)
	/opt/homebrew/Cellar/go/1.24.3/libexec/src/runtime/chan.go:664 +0x42c fp=0x1400005e770 sp=0x1400005e6f0 pc=0x104c1b96c
runtime.chanrecv1(0x0?, 0x0?)
	/opt/homebrew/Cellar/go/1.24.3/libexec/src/runtime/chan.go:506 +0x14 fp=0x1400005e7a0 sp=0x1400005e770 pc=0x104c1b504
runtime.unique_runtime_registerUniqueMapCleanup.func2(...)
	/opt/homebrew/Cellar/go/1.24.3/libexec/src/runtime/mgc.go:1796
runtime.unique_runtime_registerUniqueMapCleanup.gowrap1()
	/opt/homebrew/Cellar/go/1.24.3/libexec/src/runtime/mgc.go:1799 +0x3c fp=0x1400005e7d0 sp=0x1400005e7a0 pc=0x104c2cd2c
runtime.goexit({})
	/opt/homebrew/Cellar/go/1.24.3/libexec/src/runtime/asm_arm64.s:1223 +0x4 fp=0x1400005e7d0 sp=0x1400005e7d0 pc=0x104c84274
created by unique.runtime_registerUniqueMapCleanup in goroutine 1
	/opt/homebrew/Cellar/go/1.24.3/libexec/src/runtime/mgc.go:1794 +0x78

goroutine 19 gp=0x14000102700 m=nil [GC worker (idle)]:
runtime.gopark(0x0?, 0x0?, 0x0?, 0x0?, 0x0?)
	/opt/homebrew/Cellar/go/1.24.3/libexec/src/runtime/proc.go:435 +0xc8 fp=0x1400005ef10 sp=0x1400005eef0 pc=0x104c7c9b8
runtime.gcBgMarkWorker(0x140004175e0)
	/opt/homebrew/Cellar/go/1.24.3/libexec/src/runtime/mgc.go:1423 +0xdc fp=0x1400005efb0 sp=0x1400005ef10 pc=0x104c2bf9c
runtime.gcBgMarkStartWorkers.gowrap1()
	/opt/homebrew/Cellar/go/1.24.3/libexec/src/runtime/mgc.go:1339 +0x28 fp=0x1400005efd0 sp=0x1400005efb0 pc=0x104c2be88
runtime.goexit({})
	/opt/homebrew/Cellar/go/1.24.3/libexec/src/runtime/asm_arm64.s:1223 +0x4 fp=0x1400005efd0 sp=0x1400005efd0 pc=0x104c84274
created by runtime.gcBgMarkStartWorkers in goroutine 1
	/opt/homebrew/Cellar/go/1.24.3/libexec/src/runtime/mgc.go:1339 +0x140

goroutine 20 gp=0x140001028c0 m=nil [GC worker (idle)]:
runtime.gopark(0x0?, 0x0?, 0x0?, 0x0?, 0x0?)
	/opt/homebrew/Cellar/go/1.24.3/libexec/src/runtime/proc.go:435 +0xc8 fp=0x1400005f710 sp=0x1400005f6f0 pc=0x104c7c9b8
runtime.gcBgMarkWorker(0x140004175e0)
	/opt/homebrew/Cellar/go/1.24.3/libexec/src/runtime/mgc.go:1423 +0xdc fp=0x1400005f7b0 sp=0x1400005f710 pc=0x104c2bf9c
runtime.gcBgMarkStartWorkers.gowrap1()
	/opt/homebrew/Cellar/go/1.24.3/libexec/src/runtime/mgc.go:1339 +0x28 fp=0x1400005f7d0 sp=0x1400005f7b0 pc=0x104c2be88
runtime.goexit({})
	/opt/homebrew/Cellar/go/1.24.3/libexec/src/runtime/asm_arm64.s:1223 +0x4 fp=0x1400005f7d0 sp=0x1400005f7d0 pc=0x104c84274
created by runtime.gcBgMarkStartWorkers in goroutine 1
	/opt/homebrew/Cellar/go/1.24.3/libexec/src/runtime/mgc.go:1339 +0x140

goroutine 21 gp=0x14000102a80 m=nil [GC worker (idle)]:
runtime.gopark(0x0?, 0x0?, 0x0?, 0x0?, 0x0?)
	/opt/homebrew/Cellar/go/1.24.3/libexec/src/runtime/proc.go:435 +0xc8 fp=0x1400005ff10 sp=0x1400005fef0 pc=0x104c7c9b8
runtime.gcBgMarkWorker(0x140004175e0)
	/opt/homebrew/Cellar/go/1.24.3/libexec/src/runtime/mgc.go:1423 +0xdc fp=0x1400005ffb0 sp=0x1400005ff10 pc=0x104c2bf9c
runtime.gcBgMarkStartWorkers.gowrap1()
	/opt/homebrew/Cellar/go/1.24.3/libexec/src/runtime/mgc.go:1339 +0x28 fp=0x1400005ffd0 sp=0x1400005ffb0 pc=0x104c2be88
runtime.goexit({})
	/opt/homebrew/Cellar/go/1.24.3/libexec/src/runtime/asm_arm64.s:1223 +0x4 fp=0x1400005ffd0 sp=0x1400005ffd0 pc=0x104c84274
created by runtime.gcBgMarkStartWorkers in goroutine 1
	/opt/homebrew/Cellar/go/1.24.3/libexec/src/runtime/mgc.go:1339 +0x140

goroutine 22 gp=0x14000102c40 m=nil [GC worker (idle)]:
runtime.gopark(0x1055f0600?, 0x1?, 0x64?, 0x71?, 0x0?)
	/opt/homebrew/Cellar/go/1.24.3/libexec/src/runtime/proc.go:435 +0xc8 fp=0x14000060710 sp=0x140000606f0 pc=0x104c7c9b8
runtime.gcBgMarkWorker(0x140004175e0)
	/opt/homebrew/Cellar/go/1.24.3/libexec/src/runtime/mgc.go:1423 +0xdc fp=0x140000607b0 sp=0x14000060710 pc=0x104c2bf9c
runtime.gcBgMarkStartWorkers.gowrap1()
	/opt/homebrew/Cellar/go/1.24.3/libexec/src/runtime/mgc.go:1339 +0x28 fp=0x140000607d0 sp=0x140000607b0 pc=0x104c2be88
runtime.goexit({})
	/opt/homebrew/Cellar/go/1.24.3/libexec/src/runtime/asm_arm64.s:1223 +0x4 fp=0x140000607d0 sp=0x140000607d0 pc=0x104c84274
created by runtime.gcBgMarkStartWorkers in goroutine 1
	/opt/homebrew/Cellar/go/1.24.3/libexec/src/runtime/mgc.go:1339 +0x140

goroutine 23 gp=0x14000102e00 m=nil [GC worker (idle)]:
runtime.gopark(0x14d2e3d9a382d?, 0x3?, 0x50?, 0xd1?, 0x0?)
	/opt/homebrew/Cellar/go/1.24.3/libexec/src/runtime/proc.go:435 +0xc8 fp=0x14000060f10 sp=0x14000060ef0 pc=0x104c7c9b8
runtime.gcBgMarkWorker(0x140004175e0)
	/opt/homebrew/Cellar/go/1.24.3/libexec/src/runtime/mgc.go:1423 +0xdc fp=0x14000060fb0 sp=0x14000060f10 pc=0x104c2bf9c
runtime.gcBgMarkStartWorkers.gowrap1()
	/opt/homebrew/Cellar/go/1.24.3/libexec/src/runtime/mgc.go:1339 +0x28 fp=0x14000060fd0 sp=0x14000060fb0 pc=0x104c2be88
runtime.goexit({})
	/opt/homebrew/Cellar/go/1.24.3/libexec/src/runtime/asm_arm64.s:1223 +0x4 fp=0x14000060fd0 sp=0x14000060fd0 pc=0x104c84274
created by runtime.gcBgMarkStartWorkers in goroutine 1
	/opt/homebrew/Cellar/go/1.24.3/libexec/src/runtime/mgc.go:1339 +0x140

goroutine 24 gp=0x14000102fc0 m=nil [GC worker (idle)]:
runtime.gopark(0x14d2e3d997ae2?, 0x1?, 0xbd?, 0x8c?, 0x0?)
	/opt/homebrew/Cellar/go/1.24.3/libexec/src/runtime/proc.go:435 +0xc8 fp=0x14000061710 sp=0x140000616f0 pc=0x104c7c9b8
runtime.gcBgMarkWorker(0x140004175e0)
	/opt/homebrew/Cellar/go/1.24.3/libexec/src/runtime/mgc.go:1423 +0xdc fp=0x140000617b0 sp=0x14000061710 pc=0x104c2bf9c
runtime.gcBgMarkStartWorkers.gowrap1()
	/opt/homebrew/Cellar/go/1.24.3/libexec/src/runtime/mgc.go:1339 +0x28 fp=0x140000617d0 sp=0x140000617b0 pc=0x104c2be88
runtime.goexit({})
	/opt/homebrew/Cellar/go/1.24.3/libexec/src/runtime/asm_arm64.s:1223 +0x4 fp=0x140000617d0 sp=0x140000617d0 pc=0x104c84274
created by runtime.gcBgMarkStartWorkers in goroutine 1
	/opt/homebrew/Cellar/go/1.24.3/libexec/src/runtime/mgc.go:1339 +0x140

goroutine 25 gp=0x14000103180 m=nil [GC worker (idle)]:
runtime.gopark(0x14d2e3d99767d?, 0x3?, 0xae?, 0xd1?, 0x0?)
	/opt/homebrew/Cellar/go/1.24.3/libexec/src/runtime/proc.go:435 +0xc8 fp=0x14000061f10 sp=0x14000061ef0 pc=0x104c7c9b8
runtime.gcBgMarkWorker(0x140004175e0)
	/opt/homebrew/Cellar/go/1.24.3/libexec/src/runtime/mgc.go:1423 +0xdc fp=0x14000061fb0 sp=0x14000061f10 pc=0x104c2bf9c
runtime.gcBgMarkStartWorkers.gowrap1()
	/opt/homebrew/Cellar/go/1.24.3/libexec/src/runtime/mgc.go:1339 +0x28 fp=0x14000061fd0 sp=0x14000061fb0 pc=0x104c2be88
runtime.goexit({})
	/opt/homebrew/Cellar/go/1.24.3/libexec/src/runtime/asm_arm64.s:1223 +0x4 fp=0x14000061fd0 sp=0x14000061fd0 pc=0x104c84274
created by runtime.gcBgMarkStartWorkers in goroutine 1
	/opt/homebrew/Cellar/go/1.24.3/libexec/src/runtime/mgc.go:1339 +0x140

goroutine 26 gp=0x14000103340 m=nil [GC worker (idle)]:
runtime.gopark(0x14d2e3d9db708?, 0x3?, 0xed?, 0x81?, 0x0?)
	/opt/homebrew/Cellar/go/1.24.3/libexec/src/runtime/proc.go:435 +0xc8 fp=0x1400048a710 sp=0x1400048a6f0 pc=0x104c7c9b8
runtime.gcBgMarkWorker(0x140004175e0)
	/opt/homebrew/Cellar/go/1.24.3/libexec/src/runtime/mgc.go:1423 +0xdc fp=0x1400048a7b0 sp=0x1400048a710 pc=0x104c2bf9c
runtime.gcBgMarkStartWorkers.gowrap1()
	/opt/homebrew/Cellar/go/1.24.3/libexec/src/runtime/mgc.go:1339 +0x28 fp=0x1400048a7d0 sp=0x1400048a7b0 pc=0x104c2be88
runtime.goexit({})
	/opt/homebrew/Cellar/go/1.24.3/libexec/src/runtime/asm_arm64.s:1223 +0x4 fp=0x1400048a7d0 sp=0x1400048a7d0 pc=0x104c84274
created by runtime.gcBgMarkStartWorkers in goroutine 1
	/opt/homebrew/Cellar/go/1.24.3/libexec/src/runtime/mgc.go:1339 +0x140

goroutine 27 gp=0x14000103500 m=nil [GC worker (idle)]:
runtime.gopark(0x14d2e3d997460?, 0x1?, 0x88?, 0x14?, 0x0?)
	/opt/homebrew/Cellar/go/1.24.3/libexec/src/runtime/proc.go:435 +0xc8 fp=0x14000115f10 sp=0x14000115ef0 pc=0x104c7c9b8
runtime.gcBgMarkWorker(0x140004175e0)
	/opt/homebrew/Cellar/go/1.24.3/libexec/src/runtime/mgc.go:1423 +0xdc fp=0x14000115fb0 sp=0x14000115f10 pc=0x104c2bf9c
runtime.gcBgMarkStartWorkers.gowrap1()
	/opt/homebrew/Cellar/go/1.24.3/libexec/src/runtime/mgc.go:1339 +0x28 fp=0x14000115fd0 sp=0x14000115fb0 pc=0x104c2be88
runtime.goexit({})
	/opt/homebrew/Cellar/go/1.24.3/libexec/src/runtime/asm_arm64.s:1223 +0x4 fp=0x14000115fd0 sp=0x14000115fd0 pc=0x104c84274
created by runtime.gcBgMarkStartWorkers in goroutine 1
	/opt/homebrew/Cellar/go/1.24.3/libexec/src/runtime/mgc.go:1339 +0x140

goroutine 28 gp=0x140001036c0 m=nil [GC worker (idle)]:
runtime.gopark(0x14d2e3d9a3c68?, 0x1400042ed20?, 0x1b?, 0xa?, 0x0?)
	/opt/homebrew/Cellar/go/1.24.3/libexec/src/runtime/proc.go:435 +0xc8 fp=0x1400048b710 sp=0x1400048b6f0 pc=0x104c7c9b8
runtime.gcBgMarkWorker(0x140004175e0)
	/opt/homebrew/Cellar/go/1.24.3/libexec/src/runtime/mgc.go:1423 +0xdc fp=0x1400048b7b0 sp=0x1400048b710 pc=0x104c2bf9c
runtime.gcBgMarkStartWorkers.gowrap1()
	/opt/homebrew/Cellar/go/1.24.3/libexec/src/runtime/mgc.go:1339 +0x28 fp=0x1400048b7d0 sp=0x1400048b7b0 pc=0x104c2be88
runtime.goexit({})
	/opt/homebrew/Cellar/go/1.24.3/libexec/src/runtime/asm_arm64.s:1223 +0x4 fp=0x1400048b7d0 sp=0x1400048b7d0 pc=0x104c84274
created by runtime.gcBgMarkStartWorkers in goroutine 1
	/opt/homebrew/Cellar/go/1.24.3/libexec/src/runtime/mgc.go:1339 +0x140
